[Licensing::Module] Trying to connect to existing licensing client channel...
Built from '6000.3/staging' branch; Version is '6000.3.19f1 (7689f4515d75) revision 7768564'; Using compiler version '194234433'; Build Type 'Release'
[Licensing::IpcConnector] Channel LicenseClient-18163 doesn't exist
OS: 'Windows 10  (10.0.19045) 64bit Professional' Language: 'zh' Physical Memory: 32679 MB
BatchMode: 1, IsHumanControllingUs: 0, StartBugReporterOnCrash: 0, Is64bit: 1
System  architecture: x64
Process architecture: x64
Date: 2026-08-28T04:00:44Z
[Licensing::Module] Successfully launched the LicensingClient (PId: 28040)

COMMAND LINE ARGUMENTS:
C:\Program Files\Unity\Hub\Editor\6000.3.19f1\Editor\Unity.exe
-batchmode
-nographics
-quit
-projectPath
E:\project\unity\furitDefense
-executeMethod
FruitDefense.Editor.CompactControlAcceptanceSmoke.Run
-logFile
E:\project\unity\furitDefense\openspec\changes\polish-sky-paper-ui-eight-point\evidence\p0-line-removal-focused.log
Successfully changed project path to: E:\project\unity\furitDefense
E:/project/unity/furitDefense
[UnityMemory] Configuration Parameters - Can be set up in boot.config
    "memorysetup-temp-allocator-size-nav-mesh-worker=65536"
    "memorysetup-temp-allocator-size-audio-worker=65536"
    "memorysetup-temp-allocator-size-gfx=262144"
    "memorysetup-allocator-temp-initial-block-size-main=262144"
    "memorysetup-allocator-temp-initial-block-size-worker=262144"
    "memorysetup-temp-allocator-size-background-worker=32768"
    "memorysetup-temp-allocator-size-job-worker=262144"
    "memorysetup-temp-allocator-size-preload-manager=33554432"
    "memorysetup-temp-allocator-size-gi-baking-worker=262144"
    "memorysetup-temp-allocator-size-gi-baking-worker=262144"
    "memorysetup-temp-allocator-size-gi-baking-worker=262144"
    "memorysetup-temp-allocator-size-gi-baking-worker=262144"
    "memorysetup-temp-allocator-size-gi-baking-worker=262144"
    "memorysetup-bucket-allocator-granularity=16"
    "memorysetup-bucket-allocator-bucket-count=8"
    "memorysetup-bucket-allocator-block-size=33554432"
    "memorysetup-bucket-allocator-block-count=8"
    "memorysetup-main-allocator-block-size=16777216"
    "memorysetup-thread-allocator-block-size=16777216"
    "memorysetup-gfx-main-allocator-block-size=16777216"
    "memorysetup-gfx-thread-allocator-block-size=16777216"
    "memorysetup-cache-allocator-block-size=4194304"
    "memorysetup-typetree-allocator-block-size=2097152"
    "memorysetup-profiler-bucket-allocator-granularity=16"
    "memorysetup-profiler-bucket-allocator-bucket-count=8"
    "memorysetup-profiler-bucket-allocator-block-size=33554432"
    "memorysetup-profiler-bucket-allocator-block-count=8"
    "memorysetup-profiler-allocator-block-size=16777216"
    "memorysetup-profiler-editor-allocator-block-size=1048576"
    "memorysetup-temp-allocator-size-main=16777216"
    "memorysetup-job-temp-allocator-block-size=2097152"
    "memorysetup-job-temp-allocator-block-size-background=1048576"
    "memorysetup-job-temp-allocator-reduction-small-platforms=262144"
    "memorysetup-temp-allocator-size-cloud-worker=32768"
Player connection [25376]  Target information:

Player connection [25376]  * "[IP] 192.168.3.10 [Port] 55504 [Flags] 2 [Guid] 530020641 [EditorId] 530020641 [Version] 1048832 [Id] WindowsEditor(7,DESKTOP-02DUQIQ) [Debug] 1 [PackageName] WindowsEditor [ProjectName] Editor" 

Player connection [25376]  * "[IP] 169.254.219.203 [Port] 55504 [Flags] 2 [Guid] 530020641 [EditorId] 530020641 [Version] 1048832 [Id] WindowsEditor(7,DESKTOP-02DUQIQ) [Debug] 1 [PackageName] WindowsEditor [ProjectName] Editor" 

Player connection [25376] Host joined multi-casting on [225.0.0.222:54997]...
Player connection [25376] Host joined alternative multi-casting on [225.0.0.222:34997]...
Input System module state changed to: Initialized.
[Physics::Module] Initialized fallback backend.
[Physics::Module] Id: 0xdecafbad
[Licensing::IpcConnector] Successfully connected to: "LicenseClient-18163" at "2026-08-28T04:00:44.4477665Z"
[Licensing::Client] Code 10 while verifying Licensing Client signature (process Id: 28040, path: "C:/Program Files/Unity/Hub/Editor/6000.3.19f1/Editor/Data/Resources/Licensing/Client/Unity.Licensing.Client.exe")
[Licensing::Module] LicensingClient has failed validation; ignoring
[Package Manager] Connected to IPC stream "Upm-24852" after 0.3 seconds.
[Licensing::Module] Licensing is not yet initialized.
[Licensing::Client] Handshaking with LicensingClient:
  Version:                 1.18.1+9fbee8e
  Session Id:              07526e440bfb424986277ad0a47cc9ff
  Correlation Id:          aa0fd8d3c041ce8212b071fd62f6f04d
  External correlation Id: 3134779072596684909
  Machine Id:              45/sxUmrq84w1DGaAIO3nlH4R54=
[Licensing::Module] Successfully connected to LicensingClient on channel: "LicenseClient-18163" (connect: 0.37s, validation: 0.28s, handshake: 0.05s)
[Licensing::IpcConnector] Successfully connected to: "LicenseClient-18163-notifications" at "2026-08-28T04:00:44.7777092Z"
[Licensing::Module] Connected to LicensingClient (PId: 28040, launch time: 0.01, total connection time: 0.70s)
[Licensing::Module] Error: Access token is unavailable; failed to update
[Licensing::Client] Successfully resolved entitlement details
[Licensing::Module] License group:
  Id: F4-PJMF-AXN2-R4YC-DCT2-XXXX
  Product: Unity Personal
  Type: ULF
  Expiration: 2026-09-07T04:11:04Z
[Licensing::Client] Successfully updated license, isAsync: True, time: 0.01
[Licensing::Client] Successfully resolved entitlement details
[Licensing::Module] Licensing Background thread has ended after 0.75s
[Licensing::Module] Licensing is initialized (took 0.17s).
[Licensing::Client] Successfully resolved entitlement details
Library Redirect Path: Library/
[Physics::Module] Selected backend.
[Physics::Module] Name: PhysX
[Physics::Module] Id: 0xf2b8ea05
[Physics::Module] SDK Version: 4.1.2
[Physics::Module] Integration Version: 1.0.0
[Physics::Module] Threading Mode: Multi-Threaded
Refreshing native plugins compatible for Editor in 0.17 ms, found 0 plugins.
Preloading 0 native plugins for Editor in 0.00 ms.
Initialize engine version: 6000.3.19f1 (7689f4515d75)
[Subsystems] Discovering subsystems at path C:/Program Files/Unity/Hub/Editor/6000.3.19f1/Editor/Data/Resources/UnitySubsystems
[Subsystems] Discovering subsystems at path E:/project/unity/furitDefense/Assets
Forcing GfxDevice: Null
GfxDevice: creating device client; kGfxThreadingModeNonThreaded
NullGfxDevice:
    Version:  NULL 1.0 [1.0]
    Renderer: Null Device
    Vendor:   Unity Technologies
Initialize mono
Mono path[0] = 'C:/Program Files/Unity/Hub/Editor/6000.3.19f1/Editor/Data/Managed'
Mono path[1] = 'C:/Program Files/Unity/Hub/Editor/6000.3.19f1/Editor/Data/MonoBleedingEdge/lib/mono/unityjit-win32'
Mono config path = 'C:/Program Files/Unity/Hub/Editor/6000.3.19f1/Editor/Data/MonoBleedingEdge/etc'
Using monoOptions --debugger-agent=transport=dt_socket,embedding=1,server=y,suspend=n,address=127.0.0.1:56852
Using cacheserver namespaces - metadata:defaultmetadata, artifacts:defaultartifacts
Using cacheserver namespaces - metadata:defaultmetadata, artifacts:defaultartifacts
ImportWorker Server TCP listen port: 0
AcceleratorClientConnectionCallback - disconnected - :0
Begin MonoManager ReloadAssembly
Registering precompiled unity dll's ...
Register platform support module: C:/Program Files/Unity/Hub/Editor/6000.3.19f1/Editor/Data/PlaybackEngines/WebGLSupport/UnityEditor.WebGL.Extensions.dll
Register platform support module: C:/Program Files/Unity/Hub/Editor/6000.3.19f1/Editor/Data/PlaybackEngines/WindowsStandaloneSupport/UnityEditor.WindowsStandalone.Extensions.dll
Registered in 0.004086 seconds.
- Loaded All Assemblies, in  0.435 seconds
Native extension for WindowsStandalone target not found
Native extension for WebGL target not found
Package Manager log level set to [2]
ScheduleIndexationOnStartup MainProcess:False IndexOnStartup:True
Mono: successfully reloaded assembly
- Finished resetting the current domain, in  0.389 seconds
Domain Reload Profiling: 820ms
	BeginReloadAssembly (139ms)
		ExecutionOrderSort (0ms)
		DisableScriptedObjects (0ms)
		BackupInstance (0ms)
		ReleaseScriptingObjects (0ms)
		CreateAndSetChildDomain (5ms)
	RebuildCommonClasses (39ms)
	RebuildNativeTypeToScriptingClass (11ms)
	initialDomainReloadingComplete (54ms)
	LoadAllAssembliesAndSetupDomain (188ms)
		LoadAssemblies (131ms)
		RebuildTransferFunctionScriptingTraits (0ms)
		AnalyzeDomain (184ms)
			TypeCache.Refresh (182ms)
				TypeCache.ScanAssembly (167ms)
			BuildScriptInfoCaches (0ms)
			ResolveRequiredComponents (1ms)
	FinalizeReload (390ms)
		ReleaseScriptCaches (0ms)
		RebuildScriptCaches (0ms)
		SetupLoadedEditorAssemblies (351ms)
			LogAssemblyErrors (0ms)
			InitializePlatformSupportModulesInManaged (54ms)
			SetLoadedEditorAssemblies (4ms)
			BeforeProcessingInitializeOnLoad (78ms)
			ProcessInitializeOnLoadAttributes (131ms)
			ProcessInitializeOnLoadMethodAttributes (84ms)
			AfterProcessingInitializeOnLoad (0ms)
			EditorAssembliesLoaded (0ms)
		ExecutionOrderSort2 (0ms)
		AwakeInstancesAfterBackupRestoration (0ms)
[Licensing::Client] Successfully resolved entitlement details
Application.AssetDatabase Initial Refresh Start
[Package Manager] Restoring resolved packages state from cache
[Licensing::Client] Successfully resolved entitlement details
[Package Manager] Registered 34 packages:
  Built-in packages:
    com.unity.ugui@2.0.0 (location: E:\project\unity\furitDefense\Library\PackageCache\com.unity.ugui@b95364aab964)
    com.unity.modules.ai@1.0.0 (location: E:\project\unity\furitDefense\Library\PackageCache\com.unity.modules.ai)
    com.unity.modules.androidjni@1.0.0 (location: E:\project\unity\furitDefense\Library\PackageCache\com.unity.modules.androidjni)
    com.unity.modules.animation@1.0.0 (location: E:\project\unity\furitDefense\Library\PackageCache\com.unity.modules.animation)
    com.unity.modules.assetbundle@1.0.0 (location: E:\project\unity\furitDefense\Library\PackageCache\com.unity.modules.assetbundle)
    com.unity.modules.audio@1.0.0 (location: E:\project\unity\furitDefense\Library\PackageCache\com.unity.modules.audio)
    com.unity.modules.cloth@1.0.0 (location: E:\project\unity\furitDefense\Library\PackageCache\com.unity.modules.cloth)
    com.unity.modules.director@1.0.0 (location: E:\project\unity\furitDefense\Library\PackageCache\com.unity.modules.director)
    com.unity.modules.imageconversion@1.0.0 (location: E:\project\unity\furitDefense\Library\PackageCache\com.unity.modules.imageconversion)
    com.unity.modules.imgui@1.0.0 (location: E:\project\unity\furitDefense\Library\PackageCache\com.unity.modules.imgui)
    com.unity.modules.jsonserialize@1.0.0 (location: E:\project\unity\furitDefense\Library\PackageCache\com.unity.modules.jsonserialize)
    com.unity.modules.particlesystem@1.0.0 (location: E:\project\unity\furitDefense\Library\PackageCache\com.unity.modules.particlesystem)
    com.unity.modules.physics@1.0.0 (location: E:\project\unity\furitDefense\Library\PackageCache\com.unity.modules.physics)
    com.unity.modules.physics2d@1.0.0 (location: E:\project\unity\furitDefense\Library\PackageCache\com.unity.modules.physics2d)
    com.unity.modules.screencapture@1.0.0 (location: E:\project\unity\furitDefense\Library\PackageCache\com.unity.modules.screencapture)
    com.unity.modules.terrain@1.0.0 (location: E:\project\unity\furitDefense\Library\PackageCache\com.unity.modules.terrain)
    com.unity.modules.terrainphysics@1.0.0 (location: E:\project\unity\furitDefense\Library\PackageCache\com.unity.modules.terrainphysics)
    com.unity.modules.tilemap@1.0.0 (location: E:\project\unity\furitDefense\Library\PackageCache\com.unity.modules.tilemap)
    com.unity.modules.ui@1.0.0 (location: E:\project\unity\furitDefense\Library\PackageCache\com.unity.modules.ui)
    com.unity.modules.uielements@1.0.0 (location: E:\project\unity\furitDefense\Library\PackageCache\com.unity.modules.uielements)
    com.unity.modules.umbra@1.0.0 (location: E:\project\unity\furitDefense\Library\PackageCache\com.unity.modules.umbra)
    com.unity.modules.unityanalytics@1.0.0 (location: E:\project\unity\furitDefense\Library\PackageCache\com.unity.modules.unityanalytics)
    com.unity.modules.unitywebrequest@1.0.0 (location: E:\project\unity\furitDefense\Library\PackageCache\com.unity.modules.unitywebrequest)
    com.unity.modules.unitywebrequestassetbundle@1.0.0 (location: E:\project\unity\furitDefense\Library\PackageCache\com.unity.modules.unitywebrequestassetbundle)
    com.unity.modules.unitywebrequestaudio@1.0.0 (location: E:\project\unity\furitDefense\Library\PackageCache\com.unity.modules.unitywebrequestaudio)
    com.unity.modules.unitywebrequesttexture@1.0.0 (location: E:\project\unity\furitDefense\Library\PackageCache\com.unity.modules.unitywebrequesttexture)
    com.unity.modules.unitywebrequestwww@1.0.0 (location: E:\project\unity\furitDefense\Library\PackageCache\com.unity.modules.unitywebrequestwww)
    com.unity.modules.vehicles@1.0.0 (location: E:\project\unity\furitDefense\Library\PackageCache\com.unity.modules.vehicles)
    com.unity.modules.video@1.0.0 (location: E:\project\unity\furitDefense\Library\PackageCache\com.unity.modules.video)
    com.unity.modules.vr@1.0.0 (location: E:\project\unity\furitDefense\Library\PackageCache\com.unity.modules.vr)
    com.unity.modules.wind@1.0.0 (location: E:\project\unity\furitDefense\Library\PackageCache\com.unity.modules.wind)
    com.unity.modules.xr@1.0.0 (location: E:\project\unity\furitDefense\Library\PackageCache\com.unity.modules.xr)
    com.unity.modules.subsystems@1.0.0 (location: E:\project\unity\furitDefense\Library\PackageCache\com.unity.modules.subsystems)
    com.unity.modules.hierarchycore@1.0.0 (location: E:\project\unity\furitDefense\Library\PackageCache\com.unity.modules.hierarchycore)
[Subsystems] No new subsystems found in resolved package list.
[Package Manager] Done registering packages in 0.01 seconds
[ScriptCompilation] Requested script compilation because: Assetdatabase observed changes in script compilation related files
Starting: C:\Program Files\Unity\Hub\Editor\6000.3.19f1\Editor\Data\Tools\BuildPipeline\bee_backend.exe --ipc --defer-dag-verification --dagfile="Library/Bee/2000b0aE.dag" --continue-on-failure --profile="Library/Bee/backend1.traceevents" ScriptAssemblies
WorkingDir: E:/project/unity/furitDefense
DisplayProgressbar: Compiling Scripts
ExitCode: 0 Duration: 3s414ms
[205/211    1s] Csc Library/Bee/artifacts/2000b0aE.dag/Assembly-CSharp.dll (+2 others)
Assets\Scripts\Presentation\BattleCombatGuiRenderer.cs(71,17): warning CS0162: Unreachable code detected
[206/211    0s] CopyFiles Library/ScriptAssemblies/Assembly-CSharp.pdb
[207/211    0s] CopyFiles Library/ScriptAssemblies/Assembly-CSharp.dll
[208/211    1s] Csc Library/Bee/artifacts/2000b0aE.dag/Assembly-CSharp-Editor.dll (+2 others)
Assets\Editor\Tools\CanonicalBattlefieldMapEditorWindow.cs(209,17): warning CS0618: 'AssetDatabase.GetAssetPath(int)' is obsolete: 'Please use GetAssetPath(EntityId) with the EntityId parameter type instead.'

Assets\Editor\Tests\RuntimeUiVisualSystemSmoke.cs(1046,24): warning CS0252: Possible unintended reference comparison; to get a value comparison, cast the left hand side to type 'Object'

Assets\Editor\Tools\ProjectSetup.cs(60,13): warning CS0618: 'PlayerSettings.SetApplicationIdentifier(BuildTargetGroup, string)' is obsolete: 'Use SetApplicationIdentifier(NamedBuildTarget buildTarget, string identifier) instead'
[209/211    0s] CopyFiles Library/ScriptAssemblies/Assembly-CSharp-Editor.pdb
[210/211    0s] CopyFiles Library/ScriptAssemblies/Assembly-CSharp-Editor.dll
*** Tundra build success (3.36 seconds), 6 items updated, 211 evaluated
Assets\Scripts\Presentation\BattleCombatGuiRenderer.cs(71,17): warning CS0162: Unreachable code detected
Assets\Editor\Tools\CanonicalBattlefieldMapEditorWindow.cs(209,17): warning CS0618: 'AssetDatabase.GetAssetPath(int)' is obsolete: 'Please use GetAssetPath(EntityId) with the EntityId parameter type instead.'
Assets\Editor\Tests\RuntimeUiVisualSystemSmoke.cs(1046,24): warning CS0252: Possible unintended reference comparison; to get a value comparison, cast the left hand side to type 'Object'
Assets\Editor\Tools\ProjectSetup.cs(60,13): warning CS0618: 'PlayerSettings.SetApplicationIdentifier(BuildTargetGroup, string)' is obsolete: 'Use SetApplicationIdentifier(NamedBuildTarget buildTarget, string identifier) instead'
AssetDatabase: script compilation time: 3.818299s
Begin MonoManager ReloadAssembly
Total cache size 49735989
Total cache size after purge 49735989, took 00:00:00.0616325
- Loaded All Assemblies, in  0.412 seconds
Refreshing native plugins compatible for Editor in 0.19 ms, found 0 plugins.
Native extension for WindowsStandalone target not found
Native extension for WebGL target not found
ScheduleIndexationOnStartup MainProcess:True IndexOnStartup:True
Mono: successfully reloaded assembly
- Finished resetting the current domain, in  0.467 seconds
Domain Reload Profiling: 875ms
	BeginReloadAssembly (304ms)
		ExecutionOrderSort (0ms)
		DisableScriptedObjects (111ms)
		BackupInstance (0ms)
		ReleaseScriptingObjects (0ms)
		CreateAndSetChildDomain (37ms)
	RebuildCommonClasses (39ms)
	RebuildNativeTypeToScriptingClass (12ms)
	initialDomainReloadingComplete (24ms)
	LoadAllAssembliesAndSetupDomain (30ms)
		LoadAssemblies (124ms)
		RebuildTransferFunctionScriptingTraits (0ms)
		AnalyzeDomain (21ms)
			TypeCache.Refresh (14ms)
				TypeCache.ScanAssembly (9ms)
			BuildScriptInfoCaches (4ms)
			ResolveRequiredComponents (2ms)
	FinalizeReload (467ms)
		ReleaseScriptCaches (0ms)
		RebuildScriptCaches (0ms)
		SetupLoadedEditorAssemblies (314ms)
			LogAssemblyErrors (0ms)
			InitializePlatformSupportModulesInManaged (30ms)
			SetLoadedEditorAssemblies (3ms)
			BeforeProcessingInitializeOnLoad (114ms)
			ProcessInitializeOnLoadAttributes (112ms)
			ProcessInitializeOnLoadMethodAttributes (44ms)
			AfterProcessingInitializeOnLoad (11ms)
			EditorAssembliesLoaded (0ms)
		ExecutionOrderSort2 (0ms)
		AwakeInstancesAfterBackupRestoration (36ms)
Refreshing native plugins compatible for Editor in 0.22 ms, found 0 plugins.
Preloading 0 native plugins for Editor in 0.00 ms.
Asset Pipeline Refresh (id=3d986dcd499d5da4d91b9b53d3c07b6c): Total: 4.938 seconds - Initiated by InitialRefreshV2(ForceSynchronousImport)
	Summary:
		Imports: total=0 (actual=0, local cache=0, cache server=0)
		Asset DB Process Time: managed=0 ms, native=593 ms
		Asset DB Callback time: managed=80 ms, native=18 ms
		Scripting: domain reloads=1, domain reload time=412 ms, compile time=3820 ms, other=11 ms
		Project Asset Count: scripts=265, non-scripts=781
		Asset File Changes: new=0, changed=7, moved=0, deleted=0
		Scan Filter Count: 0
	InvokeCustomDependenciesCallbacks: 0.002ms
	InvokePackagesCallback: 18.181ms
	ApplyChangesToAssetFolders: 0.434ms
	Scan: 26.062ms
	OnSourceAssetsModified: 0.958ms
	CategorizeAssetsWithTransientArtifact: 1.838ms
	ProcessAssetsWithTransientArtifactChanges: 8.556ms
	CategorizeAssets: 6.987ms
	ImportOutOfDateAssets: 468.989ms (-3351.899ms without children)
		CompileScripts: 3820.342ms
		ReloadNativeAssets: 0.001ms
		UnloadImportedAssets: 0.169ms
		EnsureUptoDateAssetsAreRegisteredWithGuidPM: 0.134ms
		InitializingProgressBar: 0.000ms
		PostProcessAllAssetNotificationsAddChangedAssets: 0.000ms
		OnDemandSchedulerStart: 0.242ms
	PostProcessAllAssets: 81.599ms
	Hotreload: 0.971ms
	GatherAllCurrentPrimaryArtifactRevisions: 0.002ms
	UnloadStreamsBegin: 1.356ms
	PersistCurrentRevisions: 0.024ms
	UnloadStreamsEnd: 0.001ms
	GenerateScriptTypeHashes: 0.001ms
	Untracked: 4321.863ms

Application.AssetDatabase Initial Refresh End
Scanning for USB devices : 15.326ms
Initializing Unity extensions:
[MODES] ModeService[none].Initialize
[MODES] ModeService[none].LoadModes
[MODES] Loading mode Default (0) for mode-current-id-水果塔防
Unloading 6 Unused Serialized files (Serialized files now loaded: 0)
Unloading 559 unused Assets / (0.8 MB). Loaded Objects now: 1190.
Memory consumption went from 97.0 MB to 96.2 MB.
Total: 5.930800 ms (FindLiveObjects: 0.173000 ms CreateObjectMapping: 0.050200 ms MarkObjects: 5.275400 ms  DeleteObjects: 0.431000 ms)

COMPACT_CONTROL_SINGLE_SURFACE_METRICS set=sunny-orchard-painted, edgeDelta=0, visibleDelta=0.000, centerDistance=0.000, centerRanges=0.116/0.116, inactive={components=1, holes=0, bounds=48x48, visible=2169, rowRuns=1, columnRuns=1, excessRunLines=0, centerAlpha=1.000, core=0.926, boundary=1.000, centerEdges=0.000, allEdges=0.087, axisEdges=4, halfContourRuns=1..2, halfContourPixels=4..7, halfTransitionRuns=2, pathExcess=1.474}, active={components=1, holes=0, bounds=48x48, visible=2169, rowRuns=1, columnRuns=1, excessRunLines=0, centerAlpha=1.000, core=0.926, boundary=1.000, centerEdges=0.000, allEdges=0.087, axisEdges=4, halfContourRuns=1..2, halfContourPixels=4..7, halfTransitionRuns=2, pathExcess=1.474}
UnityEngine.Debug:ExtractStackTraceNoAlloc (byte*,int,string)
UnityEngine.StackTraceUtility:ExtractStackTrace ()
UnityEngine.DebugLogHandler:Internal_Log (UnityEngine.LogType,UnityEngine.LogOption,string,UnityEngine.Object)
UnityEngine.DebugLogHandler:LogFormat (UnityEngine.LogType,UnityEngine.Object,string,object[])
UnityEngine.Logger:Log (UnityEngine.LogType,object)
UnityEngine.Debug:Log (object)
FruitDefense.Editor.CompactControlAcceptanceSmoke:ValidateSharedAlphaAndGrayscaleStructure (FruitDefense.UI.RuntimeUiArtSet,FruitDefense.Editor.CompactControlAcceptanceSmoke/CompactManifestBinding,FruitDefense.Editor.CompactControlAcceptanceSmoke/CompactManifestBinding) (at Assets/Editor/Tests/CompactControlAcceptanceSmoke.cs:928)
FruitDefense.Editor.CompactControlAcceptanceSmoke:ValidateProductionResources () (at Assets/Editor/Tests/CompactControlAcceptanceSmoke.cs:631)
FruitDefense.Editor.CompactControlAcceptanceSmoke:Run () (at Assets/Editor/Tests/CompactControlAcceptanceSmoke.cs:30)

(Filename: Assets/Editor/Tests/CompactControlAcceptanceSmoke.cs Line: 928)

ACTION_FINAL_PIXEL_CONTRAST set=sunny-orchard-painted, case=Primary/Normal, slot=action.primary, minimum=4.9557
UnityEngine.Debug:ExtractStackTraceNoAlloc (byte*,int,string)
UnityEngine.StackTraceUtility:ExtractStackTrace ()
UnityEngine.DebugLogHandler:Internal_Log (UnityEngine.LogType,UnityEngine.LogOption,string,UnityEngine.Object)
UnityEngine.DebugLogHandler:LogFormat (UnityEngine.LogType,UnityEngine.Object,string,object[])
UnityEngine.Logger:Log (UnityEngine.LogType,object)
UnityEngine.Debug:Log (object)
FruitDefense.Editor.CompactControlAcceptanceSmoke:ValidateFinalPixelPair (FruitDefense.UI.RuntimeUiTheme,FruitDefense.UI.RuntimeUiArtSet,System.Collections.Generic.IDictionary`2<FruitDefense.UI.RuntimeUiArtSlot, UnityEngine.Texture2D>,FruitDefense.UI.RuntimeUiResolvedActionStyle,int,int,string) (at Assets/Editor/Tests/CompactControlAcceptanceSmoke.cs:744)
FruitDefense.Editor.CompactControlAcceptanceSmoke:ValidateFinalPixelActionContrast (FruitDefense.UI.RuntimeUiTheme,FruitDefense.UI.RuntimeUiArtSet) (at Assets/Editor/Tests/CompactControlAcceptanceSmoke.cs:674)
FruitDefense.Editor.CompactControlAcceptanceSmoke:ValidateProductionResources () (at Assets/Editor/Tests/CompactControlAcceptanceSmoke.cs:632)
FruitDefense.Editor.CompactControlAcceptanceSmoke:Run () (at Assets/Editor/Tests/CompactControlAcceptanceSmoke.cs:30)

(Filename: Assets/Editor/Tests/CompactControlAcceptanceSmoke.cs Line: 744)

ACTION_FINAL_PIXEL_CONTRAST set=sunny-orchard-painted, case=Primary/HoveredOrFocused, slot=action.primary, minimum=4.9557
UnityEngine.Debug:ExtractStackTraceNoAlloc (byte*,int,string)
UnityEngine.StackTraceUtility:ExtractStackTrace ()
UnityEngine.DebugLogHandler:Internal_Log (UnityEngine.LogType,UnityEngine.LogOption,string,UnityEngine.Object)
UnityEngine.DebugLogHandler:LogFormat (UnityEngine.LogType,UnityEngine.Object,string,object[])
UnityEngine.Logger:Log (UnityEngine.LogType,object)
UnityEngine.Debug:Log (object)
FruitDefense.Editor.CompactControlAcceptanceSmoke:ValidateFinalPixelPair (FruitDefense.UI.RuntimeUiTheme,FruitDefense.UI.RuntimeUiArtSet,System.Collections.Generic.IDictionary`2<FruitDefense.UI.RuntimeUiArtSlot, UnityEngine.Texture2D>,FruitDefense.UI.RuntimeUiResolvedActionStyle,int,int,string) (at Assets/Editor/Tests/CompactControlAcceptanceSmoke.cs:744)
FruitDefense.Editor.CompactControlAcceptanceSmoke:ValidateFinalPixelActionContrast (FruitDefense.UI.RuntimeUiTheme,FruitDefense.UI.RuntimeUiArtSet) (at Assets/Editor/Tests/CompactControlAcceptanceSmoke.cs:674)
FruitDefense.Editor.CompactControlAcceptanceSmoke:ValidateProductionResources () (at Assets/Editor/Tests/CompactControlAcceptanceSmoke.cs:632)
FruitDefense.Editor.CompactControlAcceptanceSmoke:Run () (at Assets/Editor/Tests/CompactControlAcceptanceSmoke.cs:30)

(Filename: Assets/Editor/Tests/CompactControlAcceptanceSmoke.cs Line: 744)

ACTION_FINAL_PIXEL_CONTRAST set=sunny-orchard-painted, case=Primary/Pressed, slot=action.primary, minimum=4.9557
UnityEngine.Debug:ExtractStackTraceNoAlloc (byte*,int,string)
UnityEngine.StackTraceUtility:ExtractStackTrace ()
UnityEngine.DebugLogHandler:Internal_Log (UnityEngine.LogType,UnityEngine.LogOption,string,UnityEngine.Object)
UnityEngine.DebugLogHandler:LogFormat (UnityEngine.LogType,UnityEngine.Object,string,object[])
UnityEngine.Logger:Log (UnityEngine.LogType,object)
UnityEngine.Debug:Log (object)
FruitDefense.Editor.CompactControlAcceptanceSmoke:ValidateFinalPixelPair (FruitDefense.UI.RuntimeUiTheme,FruitDefense.UI.RuntimeUiArtSet,System.Collections.Generic.IDictionary`2<FruitDefense.UI.RuntimeUiArtSlot, UnityEngine.Texture2D>,FruitDefense.UI.RuntimeUiResolvedActionStyle,int,int,string) (at Assets/Editor/Tests/CompactControlAcceptanceSmoke.cs:744)
FruitDefense.Editor.CompactControlAcceptanceSmoke:ValidateFinalPixelActionContrast (FruitDefense.UI.RuntimeUiTheme,FruitDefense.UI.RuntimeUiArtSet) (at Assets/Editor/Tests/CompactControlAcceptanceSmoke.cs:674)
FruitDefense.Editor.CompactControlAcceptanceSmoke:ValidateProductionResources () (at Assets/Editor/Tests/CompactControlAcceptanceSmoke.cs:632)
FruitDefense.Editor.CompactControlAcceptanceSmoke:Run () (at Assets/Editor/Tests/CompactControlAcceptanceSmoke.cs:30)

(Filename: Assets/Editor/Tests/CompactControlAcceptanceSmoke.cs Line: 744)

ACTION_FINAL_PIXEL_CONTRAST set=sunny-orchard-painted, case=Primary/Disabled, slot=action.quiet, minimum=8.7384
UnityEngine.Debug:ExtractStackTraceNoAlloc (byte*,int,string)
UnityEngine.StackTraceUtility:ExtractStackTrace ()
UnityEngine.DebugLogHandler:Internal_Log (UnityEngine.LogType,UnityEngine.LogOption,string,UnityEngine.Object)
UnityEngine.DebugLogHandler:LogFormat (UnityEngine.LogType,UnityEngine.Object,string,object[])
UnityEngine.Logger:Log (UnityEngine.LogType,object)
UnityEngine.Debug:Log (object)
FruitDefense.Editor.CompactControlAcceptanceSmoke:ValidateFinalPixelPair (FruitDefense.UI.RuntimeUiTheme,FruitDefense.UI.RuntimeUiArtSet,System.Collections.Generic.IDictionary`2<FruitDefense.UI.RuntimeUiArtSlot, UnityEngine.Texture2D>,FruitDefense.UI.RuntimeUiResolvedActionStyle,int,int,string) (at Assets/Editor/Tests/CompactControlAcceptanceSmoke.cs:744)
FruitDefense.Editor.CompactControlAcceptanceSmoke:ValidateFinalPixelActionContrast (FruitDefense.UI.RuntimeUiTheme,FruitDefense.UI.RuntimeUiArtSet) (at Assets/Editor/Tests/CompactControlAcceptanceSmoke.cs:674)
FruitDefense.Editor.CompactControlAcceptanceSmoke:ValidateProductionResources () (at Assets/Editor/Tests/CompactControlAcceptanceSmoke.cs:632)
FruitDefense.Editor.CompactControlAcceptanceSmoke:Run () (at Assets/Editor/Tests/CompactControlAcceptanceSmoke.cs:30)

(Filename: Assets/Editor/Tests/CompactControlAcceptanceSmoke.cs Line: 744)

ACTION_FINAL_PIXEL_CONTRAST set=sunny-orchard-painted, case=Secondary/Normal, slot=action.secondary, minimum=4.9557
UnityEngine.Debug:ExtractStackTraceNoAlloc (byte*,int,string)
UnityEngine.StackTraceUtility:ExtractStackTrace ()
UnityEngine.DebugLogHandler:Internal_Log (UnityEngine.LogType,UnityEngine.LogOption,string,UnityEngine.Object)
UnityEngine.DebugLogHandler:LogFormat (UnityEngine.LogType,UnityEngine.Object,string,object[])
UnityEngine.Logger:Log (UnityEngine.LogType,object)
UnityEngine.Debug:Log (object)
FruitDefense.Editor.CompactControlAcceptanceSmoke:ValidateFinalPixelPair (FruitDefense.UI.RuntimeUiTheme,FruitDefense.UI.RuntimeUiArtSet,System.Collections.Generic.IDictionary`2<FruitDefense.UI.RuntimeUiArtSlot, UnityEngine.Texture2D>,FruitDefense.UI.RuntimeUiResolvedActionStyle,int,int,string) (at Assets/Editor/Tests/CompactControlAcceptanceSmoke.cs:744)
FruitDefense.Editor.CompactControlAcceptanceSmoke:ValidateFinalPixelActionContrast (FruitDefense.UI.RuntimeUiTheme,FruitDefense.UI.RuntimeUiArtSet) (at Assets/Editor/Tests/CompactControlAcceptanceSmoke.cs:674)
FruitDefense.Editor.CompactControlAcceptanceSmoke:ValidateProductionResources () (at Assets/Editor/Tests/CompactControlAcceptanceSmoke.cs:632)
FruitDefense.Editor.CompactControlAcceptanceSmoke:Run () (at Assets/Editor/Tests/CompactControlAcceptanceSmoke.cs:30)

(Filename: Assets/Editor/Tests/CompactControlAcceptanceSmoke.cs Line: 744)

ACTION_FINAL_PIXEL_CONTRAST set=sunny-orchard-painted, case=Secondary/HoveredOrFocused, slot=action.secondary, minimum=4.9557
UnityEngine.Debug:ExtractStackTraceNoAlloc (byte*,int,string)
UnityEngine.StackTraceUtility:ExtractStackTrace ()
UnityEngine.DebugLogHandler:Internal_Log (UnityEngine.LogType,UnityEngine.LogOption,string,UnityEngine.Object)
UnityEngine.DebugLogHandler:LogFormat (UnityEngine.LogType,UnityEngine.Object,string,object[])
UnityEngine.Logger:Log (UnityEngine.LogType,object)
UnityEngine.Debug:Log (object)
FruitDefense.Editor.CompactControlAcceptanceSmoke:ValidateFinalPixelPair (FruitDefense.UI.RuntimeUiTheme,FruitDefense.UI.RuntimeUiArtSet,System.Collections.Generic.IDictionary`2<FruitDefense.UI.RuntimeUiArtSlot, UnityEngine.Texture2D>,FruitDefense.UI.RuntimeUiResolvedActionStyle,int,int,string) (at Assets/Editor/Tests/CompactControlAcceptanceSmoke.cs:744)
FruitDefense.Editor.CompactControlAcceptanceSmoke:ValidateFinalPixelActionContrast (FruitDefense.UI.RuntimeUiTheme,FruitDefense.UI.RuntimeUiArtSet) (at Assets/Editor/Tests/CompactControlAcceptanceSmoke.cs:674)
FruitDefense.Editor.CompactControlAcceptanceSmoke:ValidateProductionResources () (at Assets/Editor/Tests/CompactControlAcceptanceSmoke.cs:632)
FruitDefense.Editor.CompactControlAcceptanceSmoke:Run () (at Assets/Editor/Tests/CompactControlAcceptanceSmoke.cs:30)

(Filename: Assets/Editor/Tests/CompactControlAcceptanceSmoke.cs Line: 744)

ACTION_FINAL_PIXEL_CONTRAST set=sunny-orchard-painted, case=Secondary/Pressed, slot=action.secondary, minimum=4.9557
UnityEngine.Debug:ExtractStackTraceNoAlloc (byte*,int,string)
UnityEngine.StackTraceUtility:ExtractStackTrace ()
UnityEngine.DebugLogHandler:Internal_Log (UnityEngine.LogType,UnityEngine.LogOption,string,UnityEngine.Object)
UnityEngine.DebugLogHandler:LogFormat (UnityEngine.LogType,UnityEngine.Object,string,object[])
UnityEngine.Logger:Log (UnityEngine.LogType,object)
UnityEngine.Debug:Log (object)
FruitDefense.Editor.CompactControlAcceptanceSmoke:ValidateFinalPixelPair (FruitDefense.UI.RuntimeUiTheme,FruitDefense.UI.RuntimeUiArtSet,System.Collections.Generic.IDictionary`2<FruitDefense.UI.RuntimeUiArtSlot, UnityEngine.Texture2D>,FruitDefense.UI.RuntimeUiResolvedActionStyle,int,int,string) (at Assets/Editor/Tests/CompactControlAcceptanceSmoke.cs:744)
FruitDefense.Editor.CompactControlAcceptanceSmoke:ValidateFinalPixelActionContrast (FruitDefense.UI.RuntimeUiTheme,FruitDefense.UI.RuntimeUiArtSet) (at Assets/Editor/Tests/CompactControlAcceptanceSmoke.cs:674)
FruitDefense.Editor.CompactControlAcceptanceSmoke:ValidateProductionResources () (at Assets/Editor/Tests/CompactControlAcceptanceSmoke.cs:632)
FruitDefense.Editor.CompactControlAcceptanceSmoke:Run () (at Assets/Editor/Tests/CompactControlAcceptanceSmoke.cs:30)

(Filename: Assets/Editor/Tests/CompactControlAcceptanceSmoke.cs Line: 744)

ACTION_FINAL_PIXEL_CONTRAST set=sunny-orchard-painted, case=Secondary/Disabled, slot=action.quiet, minimum=8.7384
UnityEngine.Debug:ExtractStackTraceNoAlloc (byte*,int,string)
UnityEngine.StackTraceUtility:ExtractStackTrace ()
UnityEngine.DebugLogHandler:Internal_Log (UnityEngine.LogType,UnityEngine.LogOption,string,UnityEngine.Object)
UnityEngine.DebugLogHandler:LogFormat (UnityEngine.LogType,UnityEngine.Object,string,object[])
UnityEngine.Logger:Log (UnityEngine.LogType,object)
UnityEngine.Debug:Log (object)
FruitDefense.Editor.CompactControlAcceptanceSmoke:ValidateFinalPixelPair (FruitDefense.UI.RuntimeUiTheme,FruitDefense.UI.RuntimeUiArtSet,System.Collections.Generic.IDictionary`2<FruitDefense.UI.RuntimeUiArtSlot, UnityEngine.Texture2D>,FruitDefense.UI.RuntimeUiResolvedActionStyle,int,int,string) (at Assets/Editor/Tests/CompactControlAcceptanceSmoke.cs:744)
FruitDefense.Editor.CompactControlAcceptanceSmoke:ValidateFinalPixelActionContrast (FruitDefense.UI.RuntimeUiTheme,FruitDefense.UI.RuntimeUiArtSet) (at Assets/Editor/Tests/CompactControlAcceptanceSmoke.cs:674)
FruitDefense.Editor.CompactControlAcceptanceSmoke:ValidateProductionResources () (at Assets/Editor/Tests/CompactControlAcceptanceSmoke.cs:632)
FruitDefense.Editor.CompactControlAcceptanceSmoke:Run () (at Assets/Editor/Tests/CompactControlAcceptanceSmoke.cs:30)

(Filename: Assets/Editor/Tests/CompactControlAcceptanceSmoke.cs Line: 744)

ACTION_FINAL_PIXEL_CONTRAST set=sunny-orchard-painted, case=Quiet/Normal, slot=action.quiet, minimum=8.7384
UnityEngine.Debug:ExtractStackTraceNoAlloc (byte*,int,string)
UnityEngine.StackTraceUtility:ExtractStackTrace ()
UnityEngine.DebugLogHandler:Internal_Log (UnityEngine.LogType,UnityEngine.LogOption,string,UnityEngine.Object)
UnityEngine.DebugLogHandler:LogFormat (UnityEngine.LogType,UnityEngine.Object,string,object[])
UnityEngine.Logger:Log (UnityEngine.LogType,object)
UnityEngine.Debug:Log (object)
FruitDefense.Editor.CompactControlAcceptanceSmoke:ValidateFinalPixelPair (FruitDefense.UI.RuntimeUiTheme,FruitDefense.UI.RuntimeUiArtSet,System.Collections.Generic.IDictionary`2<FruitDefense.UI.RuntimeUiArtSlot, UnityEngine.Texture2D>,FruitDefense.UI.RuntimeUiResolvedActionStyle,int,int,string) (at Assets/Editor/Tests/CompactControlAcceptanceSmoke.cs:744)
FruitDefense.Editor.CompactControlAcceptanceSmoke:ValidateFinalPixelActionContrast (FruitDefense.UI.RuntimeUiTheme,FruitDefense.UI.RuntimeUiArtSet) (at Assets/Editor/Tests/CompactControlAcceptanceSmoke.cs:674)
FruitDefense.Editor.CompactControlAcceptanceSmoke:ValidateProductionResources () (at Assets/Editor/Tests/CompactControlAcceptanceSmoke.cs:632)
FruitDefense.Editor.CompactControlAcceptanceSmoke:Run () (at Assets/Editor/Tests/CompactControlAcceptanceSmoke.cs:30)

(Filename: Assets/Editor/Tests/CompactControlAcceptanceSmoke.cs Line: 744)

ACTION_FINAL_PIXEL_CONTRAST set=sunny-orchard-painted, case=Quiet/HoveredOrFocused, slot=action.quiet, minimum=8.7384
UnityEngine.Debug:ExtractStackTraceNoAlloc (byte*,int,string)
UnityEngine.StackTraceUtility:ExtractStackTrace ()
UnityEngine.DebugLogHandler:Internal_Log (UnityEngine.LogType,UnityEngine.LogOption,string,UnityEngine.Object)
UnityEngine.DebugLogHandler:LogFormat (UnityEngine.LogType,UnityEngine.Object,string,object[])
UnityEngine.Logger:Log (UnityEngine.LogType,object)
UnityEngine.Debug:Log (object)
FruitDefense.Editor.CompactControlAcceptanceSmoke:ValidateFinalPixelPair (FruitDefense.UI.RuntimeUiTheme,FruitDefense.UI.RuntimeUiArtSet,System.Collections.Generic.IDictionary`2<FruitDefense.UI.RuntimeUiArtSlot, UnityEngine.Texture2D>,FruitDefense.UI.RuntimeUiResolvedActionStyle,int,int,string) (at Assets/Editor/Tests/CompactControlAcceptanceSmoke.cs:744)
FruitDefense.Editor.CompactControlAcceptanceSmoke:ValidateFinalPixelActionContrast (FruitDefense.UI.RuntimeUiTheme,FruitDefense.UI.RuntimeUiArtSet) (at Assets/Editor/Tests/CompactControlAcceptanceSmoke.cs:674)
FruitDefense.Editor.CompactControlAcceptanceSmoke:ValidateProductionResources () (at Assets/Editor/Tests/CompactControlAcceptanceSmoke.cs:632)
FruitDefense.Editor.CompactControlAcceptanceSmoke:Run () (at Assets/Editor/Tests/CompactControlAcceptanceSmoke.cs:30)

(Filename: Assets/Editor/Tests/CompactControlAcceptanceSmoke.cs Line: 744)

ACTION_FINAL_PIXEL_CONTRAST set=sunny-orchard-painted, case=Quiet/Pressed, slot=action.quiet, minimum=8.7384
UnityEngine.Debug:ExtractStackTraceNoAlloc (byte*,int,string)
UnityEngine.StackTraceUtility:ExtractStackTrace ()
UnityEngine.DebugLogHandler:Internal_Log (UnityEngine.LogType,UnityEngine.LogOption,string,UnityEngine.Object)
UnityEngine.DebugLogHandler:LogFormat (UnityEngine.LogType,UnityEngine.Object,string,object[])
UnityEngine.Logger:Log (UnityEngine.LogType,object)
UnityEngine.Debug:Log (object)
FruitDefense.Editor.CompactControlAcceptanceSmoke:ValidateFinalPixelPair (FruitDefense.UI.RuntimeUiTheme,FruitDefense.UI.RuntimeUiArtSet,System.Collections.Generic.IDictionary`2<FruitDefense.UI.RuntimeUiArtSlot, UnityEngine.Texture2D>,FruitDefense.UI.RuntimeUiResolvedActionStyle,int,int,string) (at Assets/Editor/Tests/CompactControlAcceptanceSmoke.cs:744)
FruitDefense.Editor.CompactControlAcceptanceSmoke:ValidateFinalPixelActionContrast (FruitDefense.UI.RuntimeUiTheme,FruitDefense.UI.RuntimeUiArtSet) (at Assets/Editor/Tests/CompactControlAcceptanceSmoke.cs:674)
FruitDefense.Editor.CompactControlAcceptanceSmoke:ValidateProductionResources () (at Assets/Editor/Tests/CompactControlAcceptanceSmoke.cs:632)
FruitDefense.Editor.CompactControlAcceptanceSmoke:Run () (at Assets/Editor/Tests/CompactControlAcceptanceSmoke.cs:30)

(Filename: Assets/Editor/Tests/CompactControlAcceptanceSmoke.cs Line: 744)

ACTION_FINAL_PIXEL_CONTRAST set=sunny-orchard-painted, case=Quiet/Disabled, slot=action.quiet, minimum=8.7384
UnityEngine.Debug:ExtractStackTraceNoAlloc (byte*,int,string)
UnityEngine.StackTraceUtility:ExtractStackTrace ()
UnityEngine.DebugLogHandler:Internal_Log (UnityEngine.LogType,UnityEngine.LogOption,string,UnityEngine.Object)
UnityEngine.DebugLogHandler:LogFormat (UnityEngine.LogType,UnityEngine.Object,string,object[])
UnityEngine.Logger:Log (UnityEngine.LogType,object)
UnityEngine.Debug:Log (object)
FruitDefense.Editor.CompactControlAcceptanceSmoke:ValidateFinalPixelPair (FruitDefense.UI.RuntimeUiTheme,FruitDefense.UI.RuntimeUiArtSet,System.Collections.Generic.IDictionary`2<FruitDefense.UI.RuntimeUiArtSlot, UnityEngine.Texture2D>,FruitDefense.UI.RuntimeUiResolvedActionStyle,int,int,string) (at Assets/Editor/Tests/CompactControlAcceptanceSmoke.cs:744)
FruitDefense.Editor.CompactControlAcceptanceSmoke:ValidateFinalPixelActionContrast (FruitDefense.UI.RuntimeUiTheme,FruitDefense.UI.RuntimeUiArtSet) (at Assets/Editor/Tests/CompactControlAcceptanceSmoke.cs:674)
FruitDefense.Editor.CompactControlAcceptanceSmoke:ValidateProductionResources () (at Assets/Editor/Tests/CompactControlAcceptanceSmoke.cs:632)
FruitDefense.Editor.CompactControlAcceptanceSmoke:Run () (at Assets/Editor/Tests/CompactControlAcceptanceSmoke.cs:30)

(Filename: Assets/Editor/Tests/CompactControlAcceptanceSmoke.cs Line: 744)

ACTION_FINAL_PIXEL_CONTRAST set=sunny-orchard-painted, case=Danger/Normal, slot=action.danger, minimum=5.4461
UnityEngine.Debug:ExtractStackTraceNoAlloc (byte*,int,string)
UnityEngine.StackTraceUtility:ExtractStackTrace ()
UnityEngine.DebugLogHandler:Internal_Log (UnityEngine.LogType,UnityEngine.LogOption,string,UnityEngine.Object)
UnityEngine.DebugLogHandler:LogFormat (UnityEngine.LogType,UnityEngine.Object,string,object[])
UnityEngine.Logger:Log (UnityEngine.LogType,object)
UnityEngine.Debug:Log (object)
FruitDefense.Editor.CompactControlAcceptanceSmoke:ValidateFinalPixelPair (FruitDefense.UI.RuntimeUiTheme,FruitDefense.UI.RuntimeUiArtSet,System.Collections.Generic.IDictionary`2<FruitDefense.UI.RuntimeUiArtSlot, UnityEngine.Texture2D>,FruitDefense.UI.RuntimeUiResolvedActionStyle,int,int,string) (at Assets/Editor/Tests/CompactControlAcceptanceSmoke.cs:744)
FruitDefense.Editor.CompactControlAcceptanceSmoke:ValidateFinalPixelActionContrast (FruitDefense.UI.RuntimeUiTheme,FruitDefense.UI.RuntimeUiArtSet) (at Assets/Editor/Tests/CompactControlAcceptanceSmoke.cs:674)
FruitDefense.Editor.CompactControlAcceptanceSmoke:ValidateProductionResources () (at Assets/Editor/Tests/CompactControlAcceptanceSmoke.cs:632)
FruitDefense.Editor.CompactControlAcceptanceSmoke:Run () (at Assets/Editor/Tests/CompactControlAcceptanceSmoke.cs:30)

(Filename: Assets/Editor/Tests/CompactControlAcceptanceSmoke.cs Line: 744)

ACTION_FINAL_PIXEL_CONTRAST set=sunny-orchard-painted, case=Danger/HoveredOrFocused, slot=action.danger, minimum=5.4461
UnityEngine.Debug:ExtractStackTraceNoAlloc (byte*,int,string)
UnityEngine.StackTraceUtility:ExtractStackTrace ()
UnityEngine.DebugLogHandler:Internal_Log (UnityEngine.LogType,UnityEngine.LogOption,string,UnityEngine.Object)
UnityEngine.DebugLogHandler:LogFormat (UnityEngine.LogType,UnityEngine.Object,string,object[])
UnityEngine.Logger:Log (UnityEngine.LogType,object)
UnityEngine.Debug:Log (object)
FruitDefense.Editor.CompactControlAcceptanceSmoke:ValidateFinalPixelPair (FruitDefense.UI.RuntimeUiTheme,FruitDefense.UI.RuntimeUiArtSet,System.Collections.Generic.IDictionary`2<FruitDefense.UI.RuntimeUiArtSlot, UnityEngine.Texture2D>,FruitDefense.UI.RuntimeUiResolvedActionStyle,int,int,string) (at Assets/Editor/Tests/CompactControlAcceptanceSmoke.cs:744)
FruitDefense.Editor.CompactControlAcceptanceSmoke:ValidateFinalPixelActionContrast (FruitDefense.UI.RuntimeUiTheme,FruitDefense.UI.RuntimeUiArtSet) (at Assets/Editor/Tests/CompactControlAcceptanceSmoke.cs:674)
FruitDefense.Editor.CompactControlAcceptanceSmoke:ValidateProductionResources () (at Assets/Editor/Tests/CompactControlAcceptanceSmoke.cs:632)
FruitDefense.Editor.CompactControlAcceptanceSmoke:Run () (at Assets/Editor/Tests/CompactControlAcceptanceSmoke.cs:30)

(Filename: Assets/Editor/Tests/CompactControlAcceptanceSmoke.cs Line: 744)

ACTION_FINAL_PIXEL_CONTRAST set=sunny-orchard-painted, case=Danger/Pressed, slot=action.danger, minimum=5.4461
UnityEngine.Debug:ExtractStackTraceNoAlloc (byte*,int,string)
UnityEngine.StackTraceUtility:ExtractStackTrace ()
UnityEngine.DebugLogHandler:Internal_Log (UnityEngine.LogType,UnityEngine.LogOption,string,UnityEngine.Object)
UnityEngine.DebugLogHandler:LogFormat (UnityEngine.LogType,UnityEngine.Object,string,object[])
UnityEngine.Logger:Log (UnityEngine.LogType,object)
UnityEngine.Debug:Log (object)
FruitDefense.Editor.CompactControlAcceptanceSmoke:ValidateFinalPixelPair (FruitDefense.UI.RuntimeUiTheme,FruitDefense.UI.RuntimeUiArtSet,System.Collections.Generic.IDictionary`2<FruitDefense.UI.RuntimeUiArtSlot, UnityEngine.Texture2D>,FruitDefense.UI.RuntimeUiResolvedActionStyle,int,int,string) (at Assets/Editor/Tests/CompactControlAcceptanceSmoke.cs:744)
FruitDefense.Editor.CompactControlAcceptanceSmoke:ValidateFinalPixelActionContrast (FruitDefense.UI.RuntimeUiTheme,FruitDefense.UI.RuntimeUiArtSet) (at Assets/Editor/Tests/CompactControlAcceptanceSmoke.cs:674)
FruitDefense.Editor.CompactControlAcceptanceSmoke:ValidateProductionResources () (at Assets/Editor/Tests/CompactControlAcceptanceSmoke.cs:632)
FruitDefense.Editor.CompactControlAcceptanceSmoke:Run () (at Assets/Editor/Tests/CompactControlAcceptanceSmoke.cs:30)

(Filename: Assets/Editor/Tests/CompactControlAcceptanceSmoke.cs Line: 744)

ACTION_FINAL_PIXEL_CONTRAST set=sunny-orchard-painted, case=Danger/Disabled, slot=action.quiet, minimum=8.7384
UnityEngine.Debug:ExtractStackTraceNoAlloc (byte*,int,string)
UnityEngine.StackTraceUtility:ExtractStackTrace ()
UnityEngine.DebugLogHandler:Internal_Log (UnityEngine.LogType,UnityEngine.LogOption,string,UnityEngine.Object)
UnityEngine.DebugLogHandler:LogFormat (UnityEngine.LogType,UnityEngine.Object,string,object[])
UnityEngine.Logger:Log (UnityEngine.LogType,object)
UnityEngine.Debug:Log (object)
FruitDefense.Editor.CompactControlAcceptanceSmoke:ValidateFinalPixelPair (FruitDefense.UI.RuntimeUiTheme,FruitDefense.UI.RuntimeUiArtSet,System.Collections.Generic.IDictionary`2<FruitDefense.UI.RuntimeUiArtSlot, UnityEngine.Texture2D>,FruitDefense.UI.RuntimeUiResolvedActionStyle,int,int,string) (at Assets/Editor/Tests/CompactControlAcceptanceSmoke.cs:744)
FruitDefense.Editor.CompactControlAcceptanceSmoke:ValidateFinalPixelActionContrast (FruitDefense.UI.RuntimeUiTheme,FruitDefense.UI.RuntimeUiArtSet) (at Assets/Editor/Tests/CompactControlAcceptanceSmoke.cs:674)
FruitDefense.Editor.CompactControlAcceptanceSmoke:ValidateProductionResources () (at Assets/Editor/Tests/CompactControlAcceptanceSmoke.cs:632)
FruitDefense.Editor.CompactControlAcceptanceSmoke:Run () (at Assets/Editor/Tests/CompactControlAcceptanceSmoke.cs:30)

(Filename: Assets/Editor/Tests/CompactControlAcceptanceSmoke.cs Line: 744)

ACTION_FINAL_PIXEL_CONTRAST set=sunny-orchard-painted, case=PauseContinue/Normal/modeActive=False, slot=action.compact-control, minimum=6.1241
UnityEngine.Debug:ExtractStackTraceNoAlloc (byte*,int,string)
UnityEngine.StackTraceUtility:ExtractStackTrace ()
UnityEngine.DebugLogHandler:Internal_Log (UnityEngine.LogType,UnityEngine.LogOption,string,UnityEngine.Object)
UnityEngine.DebugLogHandler:LogFormat (UnityEngine.LogType,UnityEngine.Object,string,object[])
UnityEngine.Logger:Log (UnityEngine.LogType,object)
UnityEngine.Debug:Log (object)
FruitDefense.Editor.CompactControlAcceptanceSmoke:ValidateFinalPixelPair (FruitDefense.UI.RuntimeUiTheme,FruitDefense.UI.RuntimeUiArtSet,System.Collections.Generic.IDictionary`2<FruitDefense.UI.RuntimeUiArtSlot, UnityEngine.Texture2D>,FruitDefense.UI.RuntimeUiResolvedActionStyle,int,int,string) (at Assets/Editor/Tests/CompactControlAcceptanceSmoke.cs:744)
FruitDefense.Editor.CompactControlAcceptanceSmoke:ValidateFinalPixelActionContrast (FruitDefense.UI.RuntimeUiTheme,FruitDefense.UI.RuntimeUiArtSet) (at Assets/Editor/Tests/CompactControlAcceptanceSmoke.cs:691)
FruitDefense.Editor.CompactControlAcceptanceSmoke:ValidateProductionResources () (at Assets/Editor/Tests/CompactControlAcceptanceSmoke.cs:632)
FruitDefense.Editor.CompactControlAcceptanceSmoke:Run () (at Assets/Editor/Tests/CompactControlAcceptanceSmoke.cs:30)

(Filename: Assets/Editor/Tests/CompactControlAcceptanceSmoke.cs Line: 744)

ACTION_FINAL_PIXEL_CONTRAST set=sunny-orchard-painted, case=PauseContinue/Normal/modeActive=True, slot=action.compact-control-active, minimum=8.0534
UnityEngine.Debug:ExtractStackTraceNoAlloc (byte*,int,string)
UnityEngine.StackTraceUtility:ExtractStackTrace ()
UnityEngine.DebugLogHandler:Internal_Log (UnityEngine.LogType,UnityEngine.LogOption,string,UnityEngine.Object)
UnityEngine.DebugLogHandler:LogFormat (UnityEngine.LogType,UnityEngine.Object,string,object[])
UnityEngine.Logger:Log (UnityEngine.LogType,object)
UnityEngine.Debug:Log (object)
FruitDefense.Editor.CompactControlAcceptanceSmoke:ValidateFinalPixelPair (FruitDefense.UI.RuntimeUiTheme,FruitDefense.UI.RuntimeUiArtSet,System.Collections.Generic.IDictionary`2<FruitDefense.UI.RuntimeUiArtSlot, UnityEngine.Texture2D>,FruitDefense.UI.RuntimeUiResolvedActionStyle,int,int,string) (at Assets/Editor/Tests/CompactControlAcceptanceSmoke.cs:744)
FruitDefense.Editor.CompactControlAcceptanceSmoke:ValidateFinalPixelActionContrast (FruitDefense.UI.RuntimeUiTheme,FruitDefense.UI.RuntimeUiArtSet) (at Assets/Editor/Tests/CompactControlAcceptanceSmoke.cs:691)
FruitDefense.Editor.CompactControlAcceptanceSmoke:ValidateProductionResources () (at Assets/Editor/Tests/CompactControlAcceptanceSmoke.cs:632)
FruitDefense.Editor.CompactControlAcceptanceSmoke:Run () (at Assets/Editor/Tests/CompactControlAcceptanceSmoke.cs:30)

(Filename: Assets/Editor/Tests/CompactControlAcceptanceSmoke.cs Line: 744)

ACTION_FINAL_PIXEL_CONTRAST set=sunny-orchard-painted, case=PauseContinue/HoveredOrFocused/modeActive=False, slot=action.compact-control, minimum=6.1241
UnityEngine.Debug:ExtractStackTraceNoAlloc (byte*,int,string)
UnityEngine.StackTraceUtility:ExtractStackTrace ()
UnityEngine.DebugLogHandler:Internal_Log (UnityEngine.LogType,UnityEngine.LogOption,string,UnityEngine.Object)
UnityEngine.DebugLogHandler:LogFormat (UnityEngine.LogType,UnityEngine.Object,string,object[])
UnityEngine.Logger:Log (UnityEngine.LogType,object)
UnityEngine.Debug:Log (object)
FruitDefense.Editor.CompactControlAcceptanceSmoke:ValidateFinalPixelPair (FruitDefense.UI.RuntimeUiTheme,FruitDefense.UI.RuntimeUiArtSet,System.Collections.Generic.IDictionary`2<FruitDefense.UI.RuntimeUiArtSlot, UnityEngine.Texture2D>,FruitDefense.UI.RuntimeUiResolvedActionStyle,int,int,string) (at Assets/Editor/Tests/CompactControlAcceptanceSmoke.cs:744)
FruitDefense.Editor.CompactControlAcceptanceSmoke:ValidateFinalPixelActionContrast (FruitDefense.UI.RuntimeUiTheme,FruitDefense.UI.RuntimeUiArtSet) (at Assets/Editor/Tests/CompactControlAcceptanceSmoke.cs:691)
FruitDefense.Editor.CompactControlAcceptanceSmoke:ValidateProductionResources () (at Assets/Editor/Tests/CompactControlAcceptanceSmoke.cs:632)
FruitDefense.Editor.CompactControlAcceptanceSmoke:Run () (at Assets/Editor/Tests/CompactControlAcceptanceSmoke.cs:30)

(Filename: Assets/Editor/Tests/CompactControlAcceptanceSmoke.cs Line: 744)

ACTION_FINAL_PIXEL_CONTRAST set=sunny-orchard-painted, case=PauseContinue/HoveredOrFocused/modeActive=True, slot=action.compact-control-active, minimum=8.0534
UnityEngine.Debug:ExtractStackTraceNoAlloc (byte*,int,string)
UnityEngine.StackTraceUtility:ExtractStackTrace ()
UnityEngine.DebugLogHandler:Internal_Log (UnityEngine.LogType,UnityEngine.LogOption,string,UnityEngine.Object)
UnityEngine.DebugLogHandler:LogFormat (UnityEngine.LogType,UnityEngine.Object,string,object[])
UnityEngine.Logger:Log (UnityEngine.LogType,object)
UnityEngine.Debug:Log (object)
FruitDefense.Editor.CompactControlAcceptanceSmoke:ValidateFinalPixelPair (FruitDefense.UI.RuntimeUiTheme,FruitDefense.UI.RuntimeUiArtSet,System.Collections.Generic.IDictionary`2<FruitDefense.UI.RuntimeUiArtSlot, UnityEngine.Texture2D>,FruitDefense.UI.RuntimeUiResolvedActionStyle,int,int,string) (at Assets/Editor/Tests/CompactControlAcceptanceSmoke.cs:744)
FruitDefense.Editor.CompactControlAcceptanceSmoke:ValidateFinalPixelActionContrast (FruitDefense.UI.RuntimeUiTheme,FruitDefense.UI.RuntimeUiArtSet) (at Assets/Editor/Tests/CompactControlAcceptanceSmoke.cs:691)
FruitDefense.Editor.CompactControlAcceptanceSmoke:ValidateProductionResources () (at Assets/Editor/Tests/CompactControlAcceptanceSmoke.cs:632)
FruitDefense.Editor.CompactControlAcceptanceSmoke:Run () (at Assets/Editor/Tests/CompactControlAcceptanceSmoke.cs:30)

(Filename: Assets/Editor/Tests/CompactControlAcceptanceSmoke.cs Line: 744)

ACTION_FINAL_PIXEL_CONTRAST set=sunny-orchard-painted, case=PauseContinue/Pressed/modeActive=False, slot=action.compact-control, minimum=6.1241
UnityEngine.Debug:ExtractStackTraceNoAlloc (byte*,int,string)
UnityEngine.StackTraceUtility:ExtractStackTrace ()
UnityEngine.DebugLogHandler:Internal_Log (UnityEngine.LogType,UnityEngine.LogOption,string,UnityEngine.Object)
UnityEngine.DebugLogHandler:LogFormat (UnityEngine.LogType,UnityEngine.Object,string,object[])
UnityEngine.Logger:Log (UnityEngine.LogType,object)
UnityEngine.Debug:Log (object)
FruitDefense.Editor.CompactControlAcceptanceSmoke:ValidateFinalPixelPair (FruitDefense.UI.RuntimeUiTheme,FruitDefense.UI.RuntimeUiArtSet,System.Collections.Generic.IDictionary`2<FruitDefense.UI.RuntimeUiArtSlot, UnityEngine.Texture2D>,FruitDefense.UI.RuntimeUiResolvedActionStyle,int,int,string) (at Assets/Editor/Tests/CompactControlAcceptanceSmoke.cs:744)
FruitDefense.Editor.CompactControlAcceptanceSmoke:ValidateFinalPixelActionContrast (FruitDefense.UI.RuntimeUiTheme,FruitDefense.UI.RuntimeUiArtSet) (at Assets/Editor/Tests/CompactControlAcceptanceSmoke.cs:691)
FruitDefense.Editor.CompactControlAcceptanceSmoke:ValidateProductionResources () (at Assets/Editor/Tests/CompactControlAcceptanceSmoke.cs:632)
FruitDefense.Editor.CompactControlAcceptanceSmoke:Run () (at Assets/Editor/Tests/CompactControlAcceptanceSmoke.cs:30)

(Filename: Assets/Editor/Tests/CompactControlAcceptanceSmoke.cs Line: 744)

ACTION_FINAL_PIXEL_CONTRAST set=sunny-orchard-painted, case=PauseContinue/Pressed/modeActive=True, slot=action.compact-control-active, minimum=8.0534
UnityEngine.Debug:ExtractStackTraceNoAlloc (byte*,int,string)
UnityEngine.StackTraceUtility:ExtractStackTrace ()
UnityEngine.DebugLogHandler:Internal_Log (UnityEngine.LogType,UnityEngine.LogOption,string,UnityEngine.Object)
UnityEngine.DebugLogHandler:LogFormat (UnityEngine.LogType,UnityEngine.Object,string,object[])
UnityEngine.Logger:Log (UnityEngine.LogType,object)
UnityEngine.Debug:Log (object)
FruitDefense.Editor.CompactControlAcceptanceSmoke:ValidateFinalPixelPair (FruitDefense.UI.RuntimeUiTheme,FruitDefense.UI.RuntimeUiArtSet,System.Collections.Generic.IDictionary`2<FruitDefense.UI.RuntimeUiArtSlot, UnityEngine.Texture2D>,FruitDefense.UI.RuntimeUiResolvedActionStyle,int,int,string) (at Assets/Editor/Tests/CompactControlAcceptanceSmoke.cs:744)
FruitDefense.Editor.CompactControlAcceptanceSmoke:ValidateFinalPixelActionContrast (FruitDefense.UI.RuntimeUiTheme,FruitDefense.UI.RuntimeUiArtSet) (at Assets/Editor/Tests/CompactControlAcceptanceSmoke.cs:691)
FruitDefense.Editor.CompactControlAcceptanceSmoke:ValidateProductionResources () (at Assets/Editor/Tests/CompactControlAcceptanceSmoke.cs:632)
FruitDefense.Editor.CompactControlAcceptanceSmoke:Run () (at Assets/Editor/Tests/CompactControlAcceptanceSmoke.cs:30)

(Filename: Assets/Editor/Tests/CompactControlAcceptanceSmoke.cs Line: 744)

ACTION_FINAL_PIXEL_CONTRAST set=sunny-orchard-painted, case=PauseContinue/Disabled/modeActive=False, slot=action.compact-control, minimum=6.1241
UnityEngine.Debug:ExtractStackTraceNoAlloc (byte*,int,string)
UnityEngine.StackTraceUtility:ExtractStackTrace ()
UnityEngine.DebugLogHandler:Internal_Log (UnityEngine.LogType,UnityEngine.LogOption,string,UnityEngine.Object)
UnityEngine.DebugLogHandler:LogFormat (UnityEngine.LogType,UnityEngine.Object,string,object[])
UnityEngine.Logger:Log (UnityEngine.LogType,object)
UnityEngine.Debug:Log (object)
FruitDefense.Editor.CompactControlAcceptanceSmoke:ValidateFinalPixelPair (FruitDefense.UI.RuntimeUiTheme,FruitDefense.UI.RuntimeUiArtSet,System.Collections.Generic.IDictionary`2<FruitDefense.UI.RuntimeUiArtSlot, UnityEngine.Texture2D>,FruitDefense.UI.RuntimeUiResolvedActionStyle,int,int,string) (at Assets/Editor/Tests/CompactControlAcceptanceSmoke.cs:744)
FruitDefense.Editor.CompactControlAcceptanceSmoke:ValidateFinalPixelActionContrast (FruitDefense.UI.RuntimeUiTheme,FruitDefense.UI.RuntimeUiArtSet) (at Assets/Editor/Tests/CompactControlAcceptanceSmoke.cs:691)
FruitDefense.Editor.CompactControlAcceptanceSmoke:ValidateProductionResources () (at Assets/Editor/Tests/CompactControlAcceptanceSmoke.cs:632)
FruitDefense.Editor.CompactControlAcceptanceSmoke:Run () (at Assets/Editor/Tests/CompactControlAcceptanceSmoke.cs:30)

(Filename: Assets/Editor/Tests/CompactControlAcceptanceSmoke.cs Line: 744)

ACTION_FINAL_PIXEL_CONTRAST set=sunny-orchard-painted, case=PauseContinue/Disabled/modeActive=True, slot=action.compact-control-active, minimum=6.1241
UnityEngine.Debug:ExtractStackTraceNoAlloc (byte*,int,string)
UnityEngine.StackTraceUtility:ExtractStackTrace ()
UnityEngine.DebugLogHandler:Internal_Log (UnityEngine.LogType,UnityEngine.LogOption,string,UnityEngine.Object)
UnityEngine.DebugLogHandler:LogFormat (UnityEngine.LogType,UnityEngine.Object,string,object[])
UnityEngine.Logger:Log (UnityEngine.LogType,object)
UnityEngine.Debug:Log (object)
FruitDefense.Editor.CompactControlAcceptanceSmoke:ValidateFinalPixelPair (FruitDefense.UI.RuntimeUiTheme,FruitDefense.UI.RuntimeUiArtSet,System.Collections.Generic.IDictionary`2<FruitDefense.UI.RuntimeUiArtSlot, UnityEngine.Texture2D>,FruitDefense.UI.RuntimeUiResolvedActionStyle,int,int,string) (at Assets/Editor/Tests/CompactControlAcceptanceSmoke.cs:744)
FruitDefense.Editor.CompactControlAcceptanceSmoke:ValidateFinalPixelActionContrast (FruitDefense.UI.RuntimeUiTheme,FruitDefense.UI.RuntimeUiArtSet) (at Assets/Editor/Tests/CompactControlAcceptanceSmoke.cs:691)
FruitDefense.Editor.CompactControlAcceptanceSmoke:ValidateProductionResources () (at Assets/Editor/Tests/CompactControlAcceptanceSmoke.cs:632)
FruitDefense.Editor.CompactControlAcceptanceSmoke:Run () (at Assets/Editor/Tests/CompactControlAcceptanceSmoke.cs:30)

(Filename: Assets/Editor/Tests/CompactControlAcceptanceSmoke.cs Line: 744)

ACTION_FINAL_PIXEL_CONTRAST set=sunny-orchard-painted, case=Speed/Normal/modeActive=False, slot=action.compact-control, minimum=6.1241
UnityEngine.Debug:ExtractStackTraceNoAlloc (byte*,int,string)
UnityEngine.StackTraceUtility:ExtractStackTrace ()
UnityEngine.DebugLogHandler:Internal_Log (UnityEngine.LogType,UnityEngine.LogOption,string,UnityEngine.Object)
UnityEngine.DebugLogHandler:LogFormat (UnityEngine.LogType,UnityEngine.Object,string,object[])
UnityEngine.Logger:Log (UnityEngine.LogType,object)
UnityEngine.Debug:Log (object)
FruitDefense.Editor.CompactControlAcceptanceSmoke:ValidateFinalPixelPair (FruitDefense.UI.RuntimeUiTheme,FruitDefense.UI.RuntimeUiArtSet,System.Collections.Generic.IDictionary`2<FruitDefense.UI.RuntimeUiArtSlot, UnityEngine.Texture2D>,FruitDefense.UI.RuntimeUiResolvedActionStyle,int,int,string) (at Assets/Editor/Tests/CompactControlAcceptanceSmoke.cs:744)
FruitDefense.Editor.CompactControlAcceptanceSmoke:ValidateFinalPixelActionContrast (FruitDefense.UI.RuntimeUiTheme,FruitDefense.UI.RuntimeUiArtSet) (at Assets/Editor/Tests/CompactControlAcceptanceSmoke.cs:691)
FruitDefense.Editor.CompactControlAcceptanceSmoke:ValidateProductionResources () (at Assets/Editor/Tests/CompactControlAcceptanceSmoke.cs:632)
FruitDefense.Editor.CompactControlAcceptanceSmoke:Run () (at Assets/Editor/Tests/CompactControlAcceptanceSmoke.cs:30)

(Filename: Assets/Editor/Tests/CompactControlAcceptanceSmoke.cs Line: 744)

ACTION_FINAL_PIXEL_CONTRAST set=sunny-orchard-painted, case=Speed/Normal/modeActive=True, slot=action.compact-control-active, minimum=8.0534
UnityEngine.Debug:ExtractStackTraceNoAlloc (byte*,int,string)
UnityEngine.StackTraceUtility:ExtractStackTrace ()
UnityEngine.DebugLogHandler:Internal_Log (UnityEngine.LogType,UnityEngine.LogOption,string,UnityEngine.Object)
UnityEngine.DebugLogHandler:LogFormat (UnityEngine.LogType,UnityEngine.Object,string,object[])
UnityEngine.Logger:Log (UnityEngine.LogType,object)
UnityEngine.Debug:Log (object)
FruitDefense.Editor.CompactControlAcceptanceSmoke:ValidateFinalPixelPair (FruitDefense.UI.RuntimeUiTheme,FruitDefense.UI.RuntimeUiArtSet,System.Collections.Generic.IDictionary`2<FruitDefense.UI.RuntimeUiArtSlot, UnityEngine.Texture2D>,FruitDefense.UI.RuntimeUiResolvedActionStyle,int,int,string) (at Assets/Editor/Tests/CompactControlAcceptanceSmoke.cs:744)
FruitDefense.Editor.CompactControlAcceptanceSmoke:ValidateFinalPixelActionContrast (FruitDefense.UI.RuntimeUiTheme,FruitDefense.UI.RuntimeUiArtSet) (at Assets/Editor/Tests/CompactControlAcceptanceSmoke.cs:691)
FruitDefense.Editor.CompactControlAcceptanceSmoke:ValidateProductionResources () (at Assets/Editor/Tests/CompactControlAcceptanceSmoke.cs:632)
FruitDefense.Editor.CompactControlAcceptanceSmoke:Run () (at Assets/Editor/Tests/CompactControlAcceptanceSmoke.cs:30)

(Filename: Assets/Editor/Tests/CompactControlAcceptanceSmoke.cs Line: 744)

ACTION_FINAL_PIXEL_CONTRAST set=sunny-orchard-painted, case=Speed/HoveredOrFocused/modeActive=False, slot=action.compact-control, minimum=6.1241
UnityEngine.Debug:ExtractStackTraceNoAlloc (byte*,int,string)
UnityEngine.StackTraceUtility:ExtractStackTrace ()
UnityEngine.DebugLogHandler:Internal_Log (UnityEngine.LogType,UnityEngine.LogOption,string,UnityEngine.Object)
UnityEngine.DebugLogHandler:LogFormat (UnityEngine.LogType,UnityEngine.Object,string,object[])
UnityEngine.Logger:Log (UnityEngine.LogType,object)
UnityEngine.Debug:Log (object)
FruitDefense.Editor.CompactControlAcceptanceSmoke:ValidateFinalPixelPair (FruitDefense.UI.RuntimeUiTheme,FruitDefense.UI.RuntimeUiArtSet,System.Collections.Generic.IDictionary`2<FruitDefense.UI.RuntimeUiArtSlot, UnityEngine.Texture2D>,FruitDefense.UI.RuntimeUiResolvedActionStyle,int,int,string) (at Assets/Editor/Tests/CompactControlAcceptanceSmoke.cs:744)
FruitDefense.Editor.CompactControlAcceptanceSmoke:ValidateFinalPixelActionContrast (FruitDefense.UI.RuntimeUiTheme,FruitDefense.UI.RuntimeUiArtSet) (at Assets/Editor/Tests/CompactControlAcceptanceSmoke.cs:691)
FruitDefense.Editor.CompactControlAcceptanceSmoke:ValidateProductionResources () (at Assets/Editor/Tests/CompactControlAcceptanceSmoke.cs:632)
FruitDefense.Editor.CompactControlAcceptanceSmoke:Run () (at Assets/Editor/Tests/CompactControlAcceptanceSmoke.cs:30)

(Filename: Assets/Editor/Tests/CompactControlAcceptanceSmoke.cs Line: 744)

ACTION_FINAL_PIXEL_CONTRAST set=sunny-orchard-painted, case=Speed/HoveredOrFocused/modeActive=True, slot=action.compact-control-active, minimum=8.0534
UnityEngine.Debug:ExtractStackTraceNoAlloc (byte*,int,string)
UnityEngine.StackTraceUtility:ExtractStackTrace ()
UnityEngine.DebugLogHandler:Internal_Log (UnityEngine.LogType,UnityEngine.LogOption,string,UnityEngine.Object)
UnityEngine.DebugLogHandler:LogFormat (UnityEngine.LogType,UnityEngine.Object,string,object[])
UnityEngine.Logger:Log (UnityEngine.LogType,object)
UnityEngine.Debug:Log (object)
FruitDefense.Editor.CompactControlAcceptanceSmoke:ValidateFinalPixelPair (FruitDefense.UI.RuntimeUiTheme,FruitDefense.UI.RuntimeUiArtSet,System.Collections.Generic.IDictionary`2<FruitDefense.UI.RuntimeUiArtSlot, UnityEngine.Texture2D>,FruitDefense.UI.RuntimeUiResolvedActionStyle,int,int,string) (at Assets/Editor/Tests/CompactControlAcceptanceSmoke.cs:744)
FruitDefense.Editor.CompactControlAcceptanceSmoke:ValidateFinalPixelActionContrast (FruitDefense.UI.RuntimeUiTheme,FruitDefense.UI.RuntimeUiArtSet) (at Assets/Editor/Tests/CompactControlAcceptanceSmoke.cs:691)
FruitDefense.Editor.CompactControlAcceptanceSmoke:ValidateProductionResources () (at Assets/Editor/Tests/CompactControlAcceptanceSmoke.cs:632)
FruitDefense.Editor.CompactControlAcceptanceSmoke:Run () (at Assets/Editor/Tests/CompactControlAcceptanceSmoke.cs:30)

(Filename: Assets/Editor/Tests/CompactControlAcceptanceSmoke.cs Line: 744)

ACTION_FINAL_PIXEL_CONTRAST set=sunny-orchard-painted, case=Speed/Pressed/modeActive=False, slot=action.compact-control, minimum=6.1241
UnityEngine.Debug:ExtractStackTraceNoAlloc (byte*,int,string)
UnityEngine.StackTraceUtility:ExtractStackTrace ()
UnityEngine.DebugLogHandler:Internal_Log (UnityEngine.LogType,UnityEngine.LogOption,string,UnityEngine.Object)
UnityEngine.DebugLogHandler:LogFormat (UnityEngine.LogType,UnityEngine.Object,string,object[])
UnityEngine.Logger:Log (UnityEngine.LogType,object)
UnityEngine.Debug:Log (object)
FruitDefense.Editor.CompactControlAcceptanceSmoke:ValidateFinalPixelPair (FruitDefense.UI.RuntimeUiTheme,FruitDefense.UI.RuntimeUiArtSet,System.Collections.Generic.IDictionary`2<FruitDefense.UI.RuntimeUiArtSlot, UnityEngine.Texture2D>,FruitDefense.UI.RuntimeUiResolvedActionStyle,int,int,string) (at Assets/Editor/Tests/CompactControlAcceptanceSmoke.cs:744)
FruitDefense.Editor.CompactControlAcceptanceSmoke:ValidateFinalPixelActionContrast (FruitDefense.UI.RuntimeUiTheme,FruitDefense.UI.RuntimeUiArtSet) (at Assets/Editor/Tests/CompactControlAcceptanceSmoke.cs:691)
FruitDefense.Editor.CompactControlAcceptanceSmoke:ValidateProductionResources () (at Assets/Editor/Tests/CompactControlAcceptanceSmoke.cs:632)
FruitDefense.Editor.CompactControlAcceptanceSmoke:Run () (at Assets/Editor/Tests/CompactControlAcceptanceSmoke.cs:30)

(Filename: Assets/Editor/Tests/CompactControlAcceptanceSmoke.cs Line: 744)

ACTION_FINAL_PIXEL_CONTRAST set=sunny-orchard-painted, case=Speed/Pressed/modeActive=True, slot=action.compact-control-active, minimum=8.0534
UnityEngine.Debug:ExtractStackTraceNoAlloc (byte*,int,string)
UnityEngine.StackTraceUtility:ExtractStackTrace ()
UnityEngine.DebugLogHandler:Internal_Log (UnityEngine.LogType,UnityEngine.LogOption,string,UnityEngine.Object)
UnityEngine.DebugLogHandler:LogFormat (UnityEngine.LogType,UnityEngine.Object,string,object[])
UnityEngine.Logger:Log (UnityEngine.LogType,object)
UnityEngine.Debug:Log (object)
FruitDefense.Editor.CompactControlAcceptanceSmoke:ValidateFinalPixelPair (FruitDefense.UI.RuntimeUiTheme,FruitDefense.UI.RuntimeUiArtSet,System.Collections.Generic.IDictionary`2<FruitDefense.UI.RuntimeUiArtSlot, UnityEngine.Texture2D>,FruitDefense.UI.RuntimeUiResolvedActionStyle,int,int,string) (at Assets/Editor/Tests/CompactControlAcceptanceSmoke.cs:744)
FruitDefense.Editor.CompactControlAcceptanceSmoke:ValidateFinalPixelActionContrast (FruitDefense.UI.RuntimeUiTheme,FruitDefense.UI.RuntimeUiArtSet) (at Assets/Editor/Tests/CompactControlAcceptanceSmoke.cs:691)
FruitDefense.Editor.CompactControlAcceptanceSmoke:ValidateProductionResources () (at Assets/Editor/Tests/CompactControlAcceptanceSmoke.cs:632)
FruitDefense.Editor.CompactControlAcceptanceSmoke:Run () (at Assets/Editor/Tests/CompactControlAcceptanceSmoke.cs:30)

(Filename: Assets/Editor/Tests/CompactControlAcceptanceSmoke.cs Line: 744)

ACTION_FINAL_PIXEL_CONTRAST set=sunny-orchard-painted, case=Speed/Disabled/modeActive=False, slot=action.compact-control, minimum=6.1241
UnityEngine.Debug:ExtractStackTraceNoAlloc (byte*,int,string)
UnityEngine.StackTraceUtility:ExtractStackTrace ()
UnityEngine.DebugLogHandler:Internal_Log (UnityEngine.LogType,UnityEngine.LogOption,string,UnityEngine.Object)
UnityEngine.DebugLogHandler:LogFormat (UnityEngine.LogType,UnityEngine.Object,string,object[])
UnityEngine.Logger:Log (UnityEngine.LogType,object)
UnityEngine.Debug:Log (object)
FruitDefense.Editor.CompactControlAcceptanceSmoke:ValidateFinalPixelPair (FruitDefense.UI.RuntimeUiTheme,FruitDefense.UI.RuntimeUiArtSet,System.Collections.Generic.IDictionary`2<FruitDefense.UI.RuntimeUiArtSlot, UnityEngine.Texture2D>,FruitDefense.UI.RuntimeUiResolvedActionStyle,int,int,string) (at Assets/Editor/Tests/CompactControlAcceptanceSmoke.cs:744)
FruitDefense.Editor.CompactControlAcceptanceSmoke:ValidateFinalPixelActionContrast (FruitDefense.UI.RuntimeUiTheme,FruitDefense.UI.RuntimeUiArtSet) (at Assets/Editor/Tests/CompactControlAcceptanceSmoke.cs:691)
FruitDefense.Editor.CompactControlAcceptanceSmoke:ValidateProductionResources () (at Assets/Editor/Tests/CompactControlAcceptanceSmoke.cs:632)
FruitDefense.Editor.CompactControlAcceptanceSmoke:Run () (at Assets/Editor/Tests/CompactControlAcceptanceSmoke.cs:30)

(Filename: Assets/Editor/Tests/CompactControlAcceptanceSmoke.cs Line: 744)

ACTION_FINAL_PIXEL_CONTRAST set=sunny-orchard-painted, case=Speed/Disabled/modeActive=True, slot=action.compact-control-active, minimum=6.1241
UnityEngine.Debug:ExtractStackTraceNoAlloc (byte*,int,string)
UnityEngine.StackTraceUtility:ExtractStackTrace ()
UnityEngine.DebugLogHandler:Internal_Log (UnityEngine.LogType,UnityEngine.LogOption,string,UnityEngine.Object)
UnityEngine.DebugLogHandler:LogFormat (UnityEngine.LogType,UnityEngine.Object,string,object[])
UnityEngine.Logger:Log (UnityEngine.LogType,object)
UnityEngine.Debug:Log (object)
FruitDefense.Editor.CompactControlAcceptanceSmoke:ValidateFinalPixelPair (FruitDefense.UI.RuntimeUiTheme,FruitDefense.UI.RuntimeUiArtSet,System.Collections.Generic.IDictionary`2<FruitDefense.UI.RuntimeUiArtSlot, UnityEngine.Texture2D>,FruitDefense.UI.RuntimeUiResolvedActionStyle,int,int,string) (at Assets/Editor/Tests/CompactControlAcceptanceSmoke.cs:744)
FruitDefense.Editor.CompactControlAcceptanceSmoke:ValidateFinalPixelActionContrast (FruitDefense.UI.RuntimeUiTheme,FruitDefense.UI.RuntimeUiArtSet) (at Assets/Editor/Tests/CompactControlAcceptanceSmoke.cs:691)
FruitDefense.Editor.CompactControlAcceptanceSmoke:ValidateProductionResources () (at Assets/Editor/Tests/CompactControlAcceptanceSmoke.cs:632)
FruitDefense.Editor.CompactControlAcceptanceSmoke:Run () (at Assets/Editor/Tests/CompactControlAcceptanceSmoke.cs:30)

(Filename: Assets/Editor/Tests/CompactControlAcceptanceSmoke.cs Line: 744)

COMPACT_CONTROL_ACCEPTANCE_SMOKE_OK
UnityEngine.Debug:ExtractStackTraceNoAlloc (byte*,int,string)
UnityEngine.StackTraceUtility:ExtractStackTrace ()
UnityEngine.DebugLogHandler:Internal_Log (UnityEngine.LogType,UnityEngine.LogOption,string,UnityEngine.Object)
UnityEngine.DebugLogHandler:LogFormat (UnityEngine.LogType,UnityEngine.Object,string,object[])
UnityEngine.Logger:Log (UnityEngine.LogType,object)
UnityEngine.Debug:Log (object)
FruitDefense.Editor.CompactControlAcceptanceSmoke:Run () (at Assets/Editor/Tests/CompactControlAcceptanceSmoke.cs:32)

(Filename: Assets/Editor/Tests/CompactControlAcceptanceSmoke.cs Line: 32)

Batchmode quit successfully invoked - shutting down!
Curl error 42: Callback aborted
[Physics::Module] Cleanup current backend.
[Physics::Module] Id: 0xf2b8ea05
Input System module state changed to: ShutdownInProgress.
Input System polling thread exited.
Input System module state changed to: Shutdown.
[Licensing::IpcConnector] LicenseClient-18163-notifications channel disconnected successfully.
[Licensing::IpcConnector] LicenseClient-18163 channel disconnected successfully.
AcceleratorClientConnectionCallback - disconnected - :0
Cleanup mono
Exiting batchmode successfully now!
Exiting without the bug reporter. Application will terminate with return code 0