[Licensing::Module] Trying to connect to existing licensing client channel...
Built from '6000.3/staging' branch; Version is '6000.3.19f1 (7689f4515d75) revision 7768564'; Using compiler version '194234433'; Build Type 'Release'
[Licensing::IpcConnector] Channel LicenseClient-18163 doesn't exist
OS: 'Windows 10  (10.0.19045) 64bit Professional' Language: 'zh' Physical Memory: 32679 MB
BatchMode: 1, IsHumanControllingUs: 0, StartBugReporterOnCrash: 0, Is64bit: 1
System  architecture: x64
Process architecture: x64
Date: 2026-08-28T04:01:37Z
[Licensing::Module] Successfully launched the LicensingClient (PId: 15928)

COMMAND LINE ARGUMENTS:
C:\Program Files\Unity\Hub\Editor\6000.3.19f1\Editor\Unity.exe
-batchmode
-nographics
-quit
-projectPath
E:\project\unity\furitDefense
-buildWindows64Player
E:\project\unity\furitDefense\Builds\Windows\FruitDefense.exe
-logFile
E:\project\unity\furitDefense\openspec\changes\polish-sky-paper-ui-eight-point\evidence\p0-line-removal-pc-build.log
Successfully changed project path to: E:\project\unity\furitDefense
E:/project/unity/furitDefense
[UnityMemory] Configuration Parameters - Can be set up in boot.config
    "memorysetup-temp-allocator-size-nav-mesh-worker=65536"
    "memorysetup-temp-allocator-size-audio-worker=65536"
    "memorysetup-temp-allocator-size-gfx=262144"
    "memorysetup-allocator-temp-initial-block-size-main=262144"
    "memorysetup-allocator-temp-initial-block-size-worker=262144"
    "memorysetup-temp-allocator-size-background-worker=32768"
    "memorysetup-temp-allocator-size-job-worker=262144"
    "memorysetup-temp-allocator-size-preload-manager=33554432"
    "memorysetup-temp-allocator-size-gi-baking-worker=262144"
    "memorysetup-temp-allocator-size-gi-baking-worker=262144"
    "memorysetup-temp-allocator-size-gi-baking-worker=262144"
    "memorysetup-temp-allocator-size-gi-baking-worker=262144"
    "memorysetup-temp-allocator-size-gi-baking-worker=262144"
    "memorysetup-bucket-allocator-granularity=16"
    "memorysetup-bucket-allocator-bucket-count=8"
    "memorysetup-bucket-allocator-block-size=33554432"
    "memorysetup-bucket-allocator-block-count=8"
    "memorysetup-main-allocator-block-size=16777216"
    "memorysetup-thread-allocator-block-size=16777216"
    "memorysetup-gfx-main-allocator-block-size=16777216"
    "memorysetup-gfx-thread-allocator-block-size=16777216"
    "memorysetup-cache-allocator-block-size=4194304"
    "memorysetup-typetree-allocator-block-size=2097152"
    "memorysetup-profiler-bucket-allocator-granularity=16"
    "memorysetup-profiler-bucket-allocator-bucket-count=8"
    "memorysetup-profiler-bucket-allocator-block-size=33554432"
    "memorysetup-profiler-bucket-allocator-block-count=8"
    "memorysetup-profiler-allocator-block-size=16777216"
    "memorysetup-profiler-editor-allocator-block-size=1048576"
    "memorysetup-temp-allocator-size-main=16777216"
    "memorysetup-job-temp-allocator-block-size=2097152"
    "memorysetup-job-temp-allocator-block-size-background=1048576"
    "memorysetup-job-temp-allocator-reduction-small-platforms=262144"
    "memorysetup-temp-allocator-size-cloud-worker=32768"
Player connection [34600]  Target information:

Player connection [34600]  * "[IP] 192.168.3.10 [Port] 55504 [Flags] 2 [Guid] 948417181 [EditorId] 948417181 [Version] 1048832 [Id] WindowsEditor(7,DESKTOP-02DUQIQ) [Debug] 1 [PackageName] WindowsEditor [ProjectName] Editor" 

Player connection [34600]  * "[IP] 169.254.219.203 [Port] 55504 [Flags] 2 [Guid] 948417181 [EditorId] 948417181 [Version] 1048832 [Id] WindowsEditor(7,DESKTOP-02DUQIQ) [Debug] 1 [PackageName] WindowsEditor [ProjectName] Editor" 

Player connection [34600] Host joined multi-casting on [225.0.0.222:54997]...
Player connection [34600] Host joined alternative multi-casting on [225.0.0.222:34997]...
Input System module state changed to: Initialized.
[Physics::Module] Initialized fallback backend.
[Physics::Module] Id: 0xdecafbad
[Licensing::IpcConnector] Successfully connected to: "LicenseClient-18163" at "2026-08-28T04:01:38.1213343Z"
[Licensing::Client] Code 10 while verifying Licensing Client signature (process Id: 15928, path: "C:/Program Files/Unity/Hub/Editor/6000.3.19f1/Editor/Data/Resources/Licensing/Client/Unity.Licensing.Client.exe")
[Licensing::Module] LicensingClient has failed validation; ignoring
[Package Manager] Connected to IPC stream "Upm-17812" after 0.3 seconds.
[Licensing::Module] Licensing is not yet initialized.
[Licensing::Client] Handshaking with LicensingClient:
  Version:                 1.18.1+9fbee8e
  Session Id:              6b6de9a3dc3c46aca52ebbda80e98afc
  Correlation Id:          dfce37e8780cd997ef3648f407545ce5
  External correlation Id: 991797844039736417
  Machine Id:              45/sxUmrq84w1DGaAIO3nlH4R54=
[Licensing::Module] Successfully connected to LicensingClient on channel: "LicenseClient-18163" (connect: 0.38s, validation: 0.18s, handshake: 0.06s)
[Licensing::IpcConnector] Successfully connected to: "LicenseClient-18163-notifications" at "2026-08-28T04:01:38.3527196Z"
[Licensing::Module] Connected to LicensingClient (PId: 15928, launch time: 0.01, total connection time: 0.61s)
[Licensing::Module] Error: Access token is unavailable; failed to update
[Licensing::Client] Successfully resolved entitlement details
[Licensing::Module] License group:
  Id: F4-PJMF-AXN2-R4YC-DCT2-XXXX
  Product: Unity Personal
  Type: ULF
  Expiration: 2026-09-07T05:00:45Z
[Licensing::Client] Successfully updated license, isAsync: True, time: 0.01
[Licensing::Client] Successfully resolved entitlement details
[Licensing::Module] Licensing Background thread has ended after 0.65s
[Licensing::Module] Licensing is initialized (took 0.09s).
[Licensing::Client] Successfully resolved entitlement details
Library Redirect Path: Library/
[Physics::Module] Selected backend.
[Physics::Module] Name: PhysX
[Physics::Module] Id: 0xf2b8ea05
[Physics::Module] SDK Version: 4.1.2
[Physics::Module] Integration Version: 1.0.0
[Physics::Module] Threading Mode: Multi-Threaded
Refreshing native plugins compatible for Editor in 0.25 ms, found 0 plugins.
Preloading 0 native plugins for Editor in 0.00 ms.
Initialize engine version: 6000.3.19f1 (7689f4515d75)
[Subsystems] Discovering subsystems at path C:/Program Files/Unity/Hub/Editor/6000.3.19f1/Editor/Data/Resources/UnitySubsystems
[Subsystems] Discovering subsystems at path E:/project/unity/furitDefense/Assets
Forcing GfxDevice: Null
GfxDevice: creating device client; kGfxThreadingModeNonThreaded
NullGfxDevice:
    Version:  NULL 1.0 [1.0]
    Renderer: Null Device
    Vendor:   Unity Technologies
Initialize mono
Mono path[0] = 'C:/Program Files/Unity/Hub/Editor/6000.3.19f1/Editor/Data/Managed'
Mono path[1] = 'C:/Program Files/Unity/Hub/Editor/6000.3.19f1/Editor/Data/MonoBleedingEdge/lib/mono/unityjit-win32'
Mono config path = 'C:/Program Files/Unity/Hub/Editor/6000.3.19f1/Editor/Data/MonoBleedingEdge/etc'
Using monoOptions --debugger-agent=transport=dt_socket,embedding=1,server=y,suspend=n,address=127.0.0.1:56812
Using cacheserver namespaces - metadata:defaultmetadata, artifacts:defaultartifacts
Using cacheserver namespaces - metadata:defaultmetadata, artifacts:defaultartifacts
ImportWorker Server TCP listen port: 0
AcceleratorClientConnectionCallback - disconnected - :0
Begin MonoManager ReloadAssembly
Registering precompiled unity dll's ...
Register platform support module: C:/Program Files/Unity/Hub/Editor/6000.3.19f1/Editor/Data/PlaybackEngines/WebGLSupport/UnityEditor.WebGL.Extensions.dll
Register platform support module: C:/Program Files/Unity/Hub/Editor/6000.3.19f1/Editor/Data/PlaybackEngines/WindowsStandaloneSupport/UnityEditor.WindowsStandalone.Extensions.dll
Registered in 0.003416 seconds.
- Loaded All Assemblies, in  0.430 seconds
Native extension for WindowsStandalone target not found
Native extension for WebGL target not found
Package Manager log level set to [2]
ScheduleIndexationOnStartup MainProcess:False IndexOnStartup:True
Mono: successfully reloaded assembly
- Finished resetting the current domain, in  0.383 seconds
Domain Reload Profiling: 811ms
	BeginReloadAssembly (161ms)
		ExecutionOrderSort (0ms)
		DisableScriptedObjects (0ms)
		BackupInstance (0ms)
		ReleaseScriptingObjects (0ms)
		CreateAndSetChildDomain (17ms)
	RebuildCommonClasses (42ms)
	RebuildNativeTypeToScriptingClass (11ms)
	initialDomainReloadingComplete (47ms)
	LoadAllAssembliesAndSetupDomain (166ms)
		LoadAssemblies (141ms)
		RebuildTransferFunctionScriptingTraits (0ms)
		AnalyzeDomain (162ms)
			TypeCache.Refresh (160ms)
				TypeCache.ScanAssembly (146ms)
			BuildScriptInfoCaches (0ms)
			ResolveRequiredComponents (1ms)
	FinalizeReload (384ms)
		ReleaseScriptCaches (0ms)
		RebuildScriptCaches (0ms)
		SetupLoadedEditorAssemblies (347ms)
			LogAssemblyErrors (0ms)
			InitializePlatformSupportModulesInManaged (57ms)
			SetLoadedEditorAssemblies (4ms)
			BeforeProcessingInitializeOnLoad (74ms)
			ProcessInitializeOnLoadAttributes (129ms)
			ProcessInitializeOnLoadMethodAttributes (83ms)
			AfterProcessingInitializeOnLoad (0ms)
			EditorAssembliesLoaded (0ms)
		ExecutionOrderSort2 (0ms)
		AwakeInstancesAfterBackupRestoration (0ms)
[Licensing::Client] Successfully resolved entitlement details
Application.AssetDatabase Initial Refresh Start
[Package Manager] Restoring resolved packages state from cache
[Licensing::Client] Successfully resolved entitlement details
[Package Manager] Registered 34 packages:
  Built-in packages:
    com.unity.ugui@2.0.0 (location: E:\project\unity\furitDefense\Library\PackageCache\com.unity.ugui@b95364aab964)
    com.unity.modules.ai@1.0.0 (location: E:\project\unity\furitDefense\Library\PackageCache\com.unity.modules.ai)
    com.unity.modules.androidjni@1.0.0 (location: E:\project\unity\furitDefense\Library\PackageCache\com.unity.modules.androidjni)
    com.unity.modules.animation@1.0.0 (location: E:\project\unity\furitDefense\Library\PackageCache\com.unity.modules.animation)
    com.unity.modules.assetbundle@1.0.0 (location: E:\project\unity\furitDefense\Library\PackageCache\com.unity.modules.assetbundle)
    com.unity.modules.audio@1.0.0 (location: E:\project\unity\furitDefense\Library\PackageCache\com.unity.modules.audio)
    com.unity.modules.cloth@1.0.0 (location: E:\project\unity\furitDefense\Library\PackageCache\com.unity.modules.cloth)
    com.unity.modules.director@1.0.0 (location: E:\project\unity\furitDefense\Library\PackageCache\com.unity.modules.director)
    com.unity.modules.imageconversion@1.0.0 (location: E:\project\unity\furitDefense\Library\PackageCache\com.unity.modules.imageconversion)
    com.unity.modules.imgui@1.0.0 (location: E:\project\unity\furitDefense\Library\PackageCache\com.unity.modules.imgui)
    com.unity.modules.jsonserialize@1.0.0 (location: E:\project\unity\furitDefense\Library\PackageCache\com.unity.modules.jsonserialize)
    com.unity.modules.particlesystem@1.0.0 (location: E:\project\unity\furitDefense\Library\PackageCache\com.unity.modules.particlesystem)
    com.unity.modules.physics@1.0.0 (location: E:\project\unity\furitDefense\Library\PackageCache\com.unity.modules.physics)
    com.unity.modules.physics2d@1.0.0 (location: E:\project\unity\furitDefense\Library\PackageCache\com.unity.modules.physics2d)
    com.unity.modules.screencapture@1.0.0 (location: E:\project\unity\furitDefense\Library\PackageCache\com.unity.modules.screencapture)
    com.unity.modules.terrain@1.0.0 (location: E:\project\unity\furitDefense\Library\PackageCache\com.unity.modules.terrain)
    com.unity.modules.terrainphysics@1.0.0 (location: E:\project\unity\furitDefense\Library\PackageCache\com.unity.modules.terrainphysics)
    com.unity.modules.tilemap@1.0.0 (location: E:\project\unity\furitDefense\Library\PackageCache\com.unity.modules.tilemap)
    com.unity.modules.ui@1.0.0 (location: E:\project\unity\furitDefense\Library\PackageCache\com.unity.modules.ui)
    com.unity.modules.uielements@1.0.0 (location: E:\project\unity\furitDefense\Library\PackageCache\com.unity.modules.uielements)
    com.unity.modules.umbra@1.0.0 (location: E:\project\unity\furitDefense\Library\PackageCache\com.unity.modules.umbra)
    com.unity.modules.unityanalytics@1.0.0 (location: E:\project\unity\furitDefense\Library\PackageCache\com.unity.modules.unityanalytics)
    com.unity.modules.unitywebrequest@1.0.0 (location: E:\project\unity\furitDefense\Library\PackageCache\com.unity.modules.unitywebrequest)
    com.unity.modules.unitywebrequestassetbundle@1.0.0 (location: E:\project\unity\furitDefense\Library\PackageCache\com.unity.modules.unitywebrequestassetbundle)
    com.unity.modules.unitywebrequestaudio@1.0.0 (location: E:\project\unity\furitDefense\Library\PackageCache\com.unity.modules.unitywebrequestaudio)
    com.unity.modules.unitywebrequesttexture@1.0.0 (location: E:\project\unity\furitDefense\Library\PackageCache\com.unity.modules.unitywebrequesttexture)
    com.unity.modules.unitywebrequestwww@1.0.0 (location: E:\project\unity\furitDefense\Library\PackageCache\com.unity.modules.unitywebrequestwww)
    com.unity.modules.vehicles@1.0.0 (location: E:\project\unity\furitDefense\Library\PackageCache\com.unity.modules.vehicles)
    com.unity.modules.video@1.0.0 (location: E:\project\unity\furitDefense\Library\PackageCache\com.unity.modules.video)
    com.unity.modules.vr@1.0.0 (location: E:\project\unity\furitDefense\Library\PackageCache\com.unity.modules.vr)
    com.unity.modules.wind@1.0.0 (location: E:\project\unity\furitDefense\Library\PackageCache\com.unity.modules.wind)
    com.unity.modules.xr@1.0.0 (location: E:\project\unity\furitDefense\Library\PackageCache\com.unity.modules.xr)
    com.unity.modules.subsystems@1.0.0 (location: E:\project\unity\furitDefense\Library\PackageCache\com.unity.modules.subsystems)
    com.unity.modules.hierarchycore@1.0.0 (location: E:\project\unity\furitDefense\Library\PackageCache\com.unity.modules.hierarchycore)
[Subsystems] No new subsystems found in resolved package list.
[Package Manager] Done registering packages in 0.02 seconds
[ScriptCompilation] Requested script compilation because: InitialRefresh: Force Refresh Recompile flag enabled
Starting: C:\Program Files\Unity\Hub\Editor\6000.3.19f1\Editor\Data\Tools\BuildPipeline\bee_backend.exe --ipc --defer-dag-verification --dagfile="Library/Bee/1900b0aE.dag" --continue-on-failure --profile="Library/Bee/backend1.traceevents" ScriptAssemblies
WorkingDir: E:/project/unity/furitDefense
DisplayProgressbar: Compiling Scripts
ExitCode: 0 Duration: 2s412ms
[191/210    0s] CopyFiles Library/ScriptAssemblies/UnityEditor.UI.pdb
[192/210    0s] CopyFiles Library/ScriptAssemblies/Unity.InternalAPIEngineBridge.004.dll
[194/210    0s] CopyFiles Library/ScriptAssemblies/Unity.InternalAPIEngineBridge.004.pdb
[195/210    0s] CopyFiles Library/ScriptAssemblies/UnityEditor.UI.dll
[196/210    0s] CopyFiles Library/ScriptAssemblies/Unity.TextMeshPro.pdb
[197/210    0s] CopyFiles Library/ScriptAssemblies/UnityEngine.UI.pdb
[198/210    0s] CopyFiles Library/ScriptAssemblies/UnityEngine.UI.dll
[199/210    0s] CopyFiles Library/ScriptAssemblies/UnityEditor.UI.Analytics.pdb
[200/210    0s] CopyFiles Library/ScriptAssemblies/Unity.TextMeshPro.dll
[201/210    0s] CopyFiles Library/ScriptAssemblies/Unity.TextMeshPro.Editor.dll
[202/210    0s] CopyFiles Library/ScriptAssemblies/UnityEditor.UI.Analytics.dll
[203/210    0s] CopyFiles Library/ScriptAssemblies/Unity.TextMeshPro.Editor.pdb
[204/210    0s] Csc Library/Bee/artifacts/1900b0aE.dag/Assembly-CSharp.dll (+2 others)
Assets\Scripts\Presentation\BattleCombatGuiRenderer.cs(71,17): warning CS0162: Unreachable code detected
[205/210    0s] CopyFiles Library/ScriptAssemblies/Assembly-CSharp.pdb
[206/210    0s] CopyFiles Library/ScriptAssemblies/Assembly-CSharp.dll
[207/210    0s] Csc Library/Bee/artifacts/1900b0aE.dag/Assembly-CSharp-Editor.dll (+2 others)
Assets\Editor\Tools\CanonicalBattlefieldMapEditorWindow.cs(209,17): warning CS0618: 'AssetDatabase.GetAssetPath(int)' is obsolete: 'Please use GetAssetPath(EntityId) with the EntityId parameter type instead.'

Assets\Editor\Tools\ProjectSetup.cs(60,13): warning CS0618: 'PlayerSettings.SetApplicationIdentifier(BuildTargetGroup, string)' is obsolete: 'Use SetApplicationIdentifier(NamedBuildTarget buildTarget, string identifier) instead'

Assets\Editor\Tests\RuntimeUiVisualSystemSmoke.cs(1046,24): warning CS0252: Possible unintended reference comparison; to get a value comparison, cast the left hand side to type 'Object'
[208/210    0s] CopyFiles Library/ScriptAssemblies/Assembly-CSharp-Editor.pdb
[209/210    0s] CopyFiles Library/ScriptAssemblies/Assembly-CSharp-Editor.dll
*** Tundra build success (2.37 seconds), 18 items updated, 210 evaluated
Assets\Scripts\Presentation\BattleCombatGuiRenderer.cs(71,17): warning CS0162: Unreachable code detected
Assets\Editor\Tools\CanonicalBattlefieldMapEditorWindow.cs(209,17): warning CS0618: 'AssetDatabase.GetAssetPath(int)' is obsolete: 'Please use GetAssetPath(EntityId) with the EntityId parameter type instead.'
Assets\Editor\Tools\ProjectSetup.cs(60,13): warning CS0618: 'PlayerSettings.SetApplicationIdentifier(BuildTargetGroup, string)' is obsolete: 'Use SetApplicationIdentifier(NamedBuildTarget buildTarget, string identifier) instead'
Assets\Editor\Tests\RuntimeUiVisualSystemSmoke.cs(1046,24): warning CS0252: Possible unintended reference comparison; to get a value comparison, cast the left hand side to type 'Object'
AssetDatabase: script compilation time: 2.790179s
Begin MonoManager ReloadAssembly
Total cache size 49735989
Total cache size after purge 49735989, took 00:00:00.0546170
- Loaded All Assemblies, in  0.488 seconds
Refreshing native plugins compatible for Editor in 0.19 ms, found 0 plugins.
Native extension for WindowsStandalone target not found
Native extension for WebGL target not found
ScheduleIndexationOnStartup MainProcess:True IndexOnStartup:True
Mono: successfully reloaded assembly
- Finished resetting the current domain, in  0.508 seconds
Domain Reload Profiling: 993ms
	BeginReloadAssembly (375ms)
		ExecutionOrderSort (0ms)
		DisableScriptedObjects (169ms)
		BackupInstance (0ms)
		ReleaseScriptingObjects (0ms)
		CreateAndSetChildDomain (46ms)
	RebuildCommonClasses (37ms)
	RebuildNativeTypeToScriptingClass (14ms)
	initialDomainReloadingComplete (23ms)
	LoadAllAssembliesAndSetupDomain (36ms)
		LoadAssemblies (123ms)
		RebuildTransferFunctionScriptingTraits (0ms)
		AnalyzeDomain (26ms)
			TypeCache.Refresh (17ms)
				TypeCache.ScanAssembly (12ms)
			BuildScriptInfoCaches (5ms)
			ResolveRequiredComponents (2ms)
	FinalizeReload (509ms)
		ReleaseScriptCaches (0ms)
		RebuildScriptCaches (0ms)
		SetupLoadedEditorAssemblies (342ms)
			LogAssemblyErrors (0ms)
			InitializePlatformSupportModulesInManaged (34ms)
			SetLoadedEditorAssemblies (3ms)
			BeforeProcessingInitializeOnLoad (122ms)
			ProcessInitializeOnLoadAttributes (119ms)
			ProcessInitializeOnLoadMethodAttributes (51ms)
			AfterProcessingInitializeOnLoad (12ms)
			EditorAssembliesLoaded (0ms)
		ExecutionOrderSort2 (0ms)
		AwakeInstancesAfterBackupRestoration (31ms)
Start importing Assets/Resources/Fonts/NotoSansSC-Reading-400.ttf using Guid(82bf12e4b7d04b14ad1b23a984c799b2) (TrueTypeFontImporter) -> (artifact id: '76c3cc1c5b98f0f5053c8e84ff6aa598') in 0.0192006 seconds
Start importing Assets/Resources/Fonts/FruitDefense-OrchardDisplay-400.ttf using Guid(eebbf43087f44e06b3242ca5b023ae98) (TrueTypeFontImporter) -> (artifact id: '335b0fff957f8e274243f148f93054a4') in 0.0033724 seconds
Refreshing native plugins compatible for Editor in 0.26 ms, found 0 plugins.
Preloading 0 native plugins for Editor in 0.00 ms.
Asset Pipeline Refresh (id=7324f548e0c209f469f5ac5f42293972): Total: 4.076 seconds - Initiated by InitialRefreshV2(ForceSynchronousImport)
	Summary:
		Imports: total=772 (actual=2, local cache=770, cache server=0)
		Asset DB Process Time: managed=2 ms, native=667 ms
		Asset DB Callback time: managed=92 ms, native=20 ms
		Scripting: domain reloads=1, domain reload time=488 ms, compile time=2793 ms, other=11 ms
		Project Asset Count: scripts=265, non-scripts=781
		Asset File Changes: new=0, changed=0, moved=0, deleted=0
		Scan Filter Count: 0
	InvokeCustomDependenciesCallbacks: 0.003ms
	InvokePackagesCallback: 19.672ms
	ApplyChangesToAssetFolders: 0.508ms
	Scan: 26.101ms
	OnSourceAssetsModified: 0.004ms
	CategorizeAssetsWithTransientArtifact: 1.829ms
	ProcessAssetsWithTransientArtifactChanges: 10.756ms
	CategorizeAssets: 8.537ms
	ImportOutOfDateAssets: 538.363ms (-2281.408ms without children)
		ImportManagerImport: 25.730ms (2.169ms without children)
			ImportInProcess: 23.529ms
			UpdateCategorizedAssets: 0.033ms
		CompileScripts: 2793.171ms
		ReloadNativeAssets: 0.001ms
		UnloadImportedAssets: 0.198ms
		ReloadImportedAssets: 0.023ms
		EnsureUptoDateAssetsAreRegisteredWithGuidPM: 0.368ms
		InitializingProgressBar: 0.009ms
		PostProcessAllAssetNotificationsAddChangedAssets: 0.001ms
		OnDemandSchedulerStart: 0.269ms
	PostProcessAllAssets: 94.372ms
	Hotreload: 1.650ms
	GatherAllCurrentPrimaryArtifactRevisions: 0.002ms
	UnloadStreamsBegin: 1.052ms
	PersistCurrentRevisions: 0.528ms
	UnloadStreamsEnd: 0.002ms
	GenerateScriptTypeHashes: 0.001ms
	Untracked: 3372.369ms

Application.AssetDatabase Initial Refresh End
Scanning for USB devices : 15.237ms
Initializing Unity extensions:
[MODES] ModeService[none].Initialize
[MODES] ModeService[none].LoadModes
[MODES] Loading mode Default (0) for mode-current-id-水果塔防
Unloading 6 Unused Serialized files (Serialized files now loaded: 0)
Unloading 559 unused Assets / (0.8 MB). Loaded Objects now: 1190.
Memory consumption went from 98.3 MB to 97.5 MB.
Total: 6.410700 ms (FindLiveObjects: 0.124200 ms CreateObjectMapping: 0.034200 ms MarkObjects: 5.771700 ms  DeleteObjects: 0.479500 ms)

building x86_64 windows player!
Launched and connected shader compiler UnityShaderCompiler.exe after 0.02 seconds
Starting: C:\Program Files\Unity\Hub\Editor\6000.3.19f1\Editor\Data\Tools\BuildPipeline\bee_backend.exe --ipc --defer-dag-verification --dagfile="Library/Bee/1900b0aESkipCompile.dag" --continue-on-failure --profile="Library/Bee/backend1.traceevents" ScriptAssembliesAndTypeDB
WorkingDir: E:/project/unity/furitDefense
ExitCode: 0 Duration: 0s347ms
[2/3        0s] BuildPlayerDataGenerator Library/BuildPlayerData/Editor/TypeDb-All.json
*** Tundra build success (0.30 seconds), 1 items updated, 3 evaluated
Asset Pipeline Refresh (id=07c1de7a99438674fa70e8d774280afe): Total: 0.006 seconds - Initiated by RefreshV2(NoUpdateAssetOptions)
[ScriptCompilation] Requested script compilation because: Recompiling scripts for player build.
BuildPlayer: start building target 19
Total cache size 49735989
Total cache size after purge 49735989, took 00:00:00.0675738
Starting: C:\Program Files\Unity\Hub\Editor\6000.3.19f1\Editor\Data\Tools\BuildPipeline\bee_backend.exe --ipc --defer-dag-verification --dagfile="Library/Bee/1900b0aP.dag" --continue-on-failure --profile="Library/Bee/backend1.traceevents" ScriptAssembliesAndTypeDB
WorkingDir: E:/project/unity/furitDefense
ExitCode: 0 Duration: 1s188ms
[103/114    0s] CopyFiles Library/Bee/PlayerScriptAssemblies/UnityEngine.UI.pdb
[104/114    0s] CopyFiles Library/Bee/PlayerScriptAssemblies/Unity.InternalAPIEngineBridge.004.pdb
[105/114    0s] CopyFiles Library/Bee/PlayerScriptAssemblies/Unity.TextMeshPro.pdb
[106/114    0s] CopyFiles Library/Bee/PlayerScriptAssemblies/UnityEngine.UI.dll
[107/114    0s] CopyFiles Library/Bee/PlayerScriptAssemblies/Unity.InternalAPIEngineBridge.004.dll
[108/114    0s] CopyFiles Library/Bee/PlayerScriptAssemblies/Unity.TextMeshPro.dll
[109/114    0s] Csc Library/Bee/artifacts/1900b0aP.dag/Assembly-CSharp.dll (+2 others)
Assets\Scripts\Presentation\BattleCombatGuiRenderer.cs(71,17): warning CS0162: Unreachable code detected
[110/114    0s] CopyFiles Library/Bee/PlayerScriptAssemblies/Assembly-CSharp.pdb
[111/114    0s] CopyFiles Library/Bee/PlayerScriptAssemblies/Assembly-CSharp.dll
[113/114    0s] BuildPlayerDataGenerator Library/BuildPlayerData/Player/RuntimeInitializeOnLoads.json (+1 other)
*** Tundra build success (1.15 seconds), 10 items updated, 114 evaluated
Assets\Scripts\Presentation\BattleCombatGuiRenderer.cs(71,17): warning CS0162: Unreachable code detected
Total cache size 49735989
Total cache size after purge 49735989, took 00:00:00.0594408
Not rebuilding Data files -- no changes
Asset Pipeline Refresh (id=6f1ba79d9b811944eb41d56a10b5f60c): Total: 0.018 seconds - Initiated by RefreshV2(NoUpdateAssetOptions)
Asset Pipeline Refresh (id=cc20e346d76c7e04eae0171a6381f5e6): Total: 0.019 seconds - Initiated by RefreshV2(NoUpdateAssetOptions)


Mono dependencies included in the build
Dependency assembly - System.ServiceModel.Duplex.dll
Dependency assembly - System.Windows.Forms.DataVisualization.dll
Dependency assembly - Mono.C5.dll
Dependency assembly - IBM.Data.DB2.dll
Dependency assembly - System.Dynamic.dll
Dependency assembly - Mono.Data.Tds.dll
Dependency assembly - I18N.Rare.dll
Dependency assembly - System.Security.Cryptography.Encryption.dll
Dependency assembly - Microsoft.Build.dll
Dependency assembly - Mono.Security.dll
Dependency assembly - System.Collections.NonGeneric.dll
Dependency assembly - System.Net.Security.dll
Dependency assembly - System.Net.Http.dll
Dependency assembly - System.Security.Cryptography.OpenSsl.dll
Dependency assembly - System.Reflection.Primitives.dll
Dependency assembly - SystemWebTestShim.dll
Dependency assembly - Unity.InternalAPIEngineBridge.004.dll
Dependency assembly - System.Net.Http.Rtc.dll
Dependency assembly - System.ComponentModel.DataAnnotations.dll
Dependency assembly - Microsoft.Win32.Primitives.dll
Dependency assembly - System.Net.WebSockets.dll
Dependency assembly - Mono.Management.dll
Dependency assembly - System.Xml.Linq.dll
Dependency assembly - System.IO.Compression.FileSystem.dll
Dependency assembly - System.IO.FileSystem.dll
Dependency assembly - System.Security.Cryptography.Pkcs.dll
Dependency assembly - System.Data.Services.Client.dll
Dependency assembly - System.Xml.ReaderWriter.dll
Dependency assembly - System.ServiceModel.Security.dll
Dependency assembly - Microsoft.Win32.Registry.AccessControl.dll
Dependency assembly - System.Net.Mail.dll
Dependency assembly - System.Diagnostics.FileVersionInfo.dll
Dependency assembly - System.Runtime.Serialization.Formatters.Soap.dll
Dependency assembly - System.Reactive.Windows.Forms.dll
Dependency assembly - Mono.Simd.dll
Dependency assembly - monodoc.dll
Dependency assembly - Commons.Xml.Relaxng.dll
Dependency assembly - System.Net.Primitives.dll
Dependency assembly - System.Numerics.dll
Dependency assembly - I18N.dll
Dependency assembly - System.Net.Utilities.dll
Dependency assembly - System.Windows.Forms.dll
Dependency assembly - System.ValueTuple.dll
Dependency assembly - System.Globalization.dll
Dependency assembly - System.IO.FileSystem.DriveInfo.dll
Dependency assembly - Mono.Data.Sqlite.dll
Dependency assembly - System.Globalization.Extensions.dll
Dependency assembly - System.Runtime.DurableInstancing.dll
Dependency assembly - I18N.MidEast.dll
Dependency assembly - System.Diagnostics.TraceSource.dll
Dependency assembly - System.Workflow.Runtime.dll
Dependency assembly - System.Web.WebPages.dll
Dependency assembly - System.ServiceProcess.ServiceController.dll
Dependency assembly - System.Web.Razor.dll
Dependency assembly - System.Web.Services.dll
Dependency assembly - System.Xml.dll
Dependency assembly - Assembly-CSharp.dll
Dependency assembly - System.Reflection.Emit.ILGeneration.dll
Dependency assembly - System.Security.Cryptography.Encryption.ECDsa.dll
Dependency assembly - System.Resources.ReaderWriter.dll
Dependency assembly - System.Reflection.Extensions.dll
Dependency assembly - System.Security.Cryptography.RSA.dll
Dependency assembly - System.Web.dll
Dependency assembly - WindowsBase.dll
Dependency assembly - System.Data.Common.dll
Dependency assembly - System.ComponentModel.TypeConverter.dll
Dependency assembly - System.ServiceModel.NetTcp.dll
Dependency assembly - cscompmgd.dll
Dependency assembly - System.Reactive.Core.dll
Dependency assembly - System.Text.Encoding.dll
Dependency assembly - System.IO.FileSystem.AccessControl.dll
Dependency assembly - System.Runtime.Loader.dll
Dependency assembly - System.Runtime.InteropServices.dll
Dependency assembly - mscorlib.dll
Dependency assembly - System.Messaging.dll
Dependency assembly - System.Xml.Serialization.dll
Dependency assembly - System.Xml.XPath.dll
Dependency assembly - System.Security.Cryptography.RandomNumberGenerator.dll
Dependency assembly - System.ComponentModel.dll
Dependency assembly - System.Security.Cryptography.DeriveBytes.dll
Dependency assembly - Mono.Messaging.RabbitMQ.dll
Dependency assembly - System.Threading.Thread.dll
Dependency assembly - Mono.XBuild.Tasks.dll
Dependency assembly - System.Reflection.DispatchProxy.dll
Dependency assembly - System.Security.Claims.dll
Dependency assembly - System.Reactive.Interfaces.dll
Dependency assembly - System.EnterpriseServices.dll
Dependency assembly - System.Web.Http.SelfHost.dll
Dependency assembly - System.Numerics.Vectors.dll
Dependency assembly - System.IO.Pipes.dll
Dependency assembly - System.Runtime.dll
Dependency assembly - System.Runtime.Handles.dll
Dependency assembly - System.Xml.XmlSerializer.dll
Dependency assembly - System.Runtime.Caching.dll
Dependency assembly - System.Web.Abstractions.dll
Dependency assembly - System.Runtime.Serialization.Xml.dll
Dependency assembly - System.Xaml.dll
Dependency assembly - Microsoft.Build.Utilities.v4.0.dll
Dependency assembly - System.Transactions.dll
Dependency assembly - I18N.CJK.dll
Dependency assembly - System.Data.Services.dll
Dependency assembly - System.Json.Microsoft.dll
Dependency assembly - System.Reactive.Observable.Aliases.dll
Dependency assembly - System.ServiceModel.Discovery.dll
Dependency assembly - netstandard.dll
Dependency assembly - System.ComponentModel.Annotations.dll
Dependency assembly - System.Resources.Writer.dll
Dependency assembly - System.IdentityModel.Selectors.dll
Dependency assembly - System.Management.dll
Dependency assembly - System.Runtime.Serialization.Primitives.dll
Dependency assembly - System.Text.Encoding.CodePages.dll
Dependency assembly - System.Web.Http.dll
Dependency assembly - System.Runtime.Serialization.Formatters.dll
Dependency assembly - System.Runtime.Extensions.dll
Dependency assembly - System.Security.Cryptography.Encryption.Aes.dll
Dependency assembly - System.Diagnostics.Tools.dll
Dependency assembly - System.Resources.ResourceManager.dll
Dependency assembly - System.Security.Cryptography.Hashing.Algorithms.dll
Dependency assembly - System.Web.Extensions.dll
Dependency assembly - System.Web.ApplicationServices.dll
Dependency assembly - System.ObjectModel.dll
Dependency assembly - System.Drawing.dll
Dependency assembly - System.Xml.Xsl.Primitives.dll
Dependency assembly - System.Security.SecureString.dll
Dependency assembly - System.Threading.Tasks.Parallel.dll
Dependency assembly - System.Reactive.Providers.dll
Dependency assembly - System.ComponentModel.Primitives.dll
Dependency assembly - System.ServiceProcess.dll
Dependency assembly - Novell.Directory.Ldap.dll
Dependency assembly - System.Net.Cache.dll
Dependency assembly - System.Configuration.Install.dll
Dependency assembly - System.Security.Principal.dll
Dependency assembly - Microsoft.Build.Tasks.v4.0.dll
Dependency assembly - SMDiagnostics.dll
Dependency assembly - System.Security.Cryptography.Primitives.dll
Dependency assembly - System.Net.NetworkInformation.dll
Dependency assembly - System.Xml.XDocument.dll
Dependency assembly - System.Net.WebSockets.Client.dll
Dependency assembly - System.Threading.Overlapped.dll
Dependency assembly - Mono.Btls.Interface.dll
Dependency assembly - System.Collections.Concurrent.dll
Dependency assembly - System.Net.Http.WebRequest.dll
Dependency assembly - System.Security.Cryptography.X509Certificates.dll
Dependency assembly - System.DirectoryServices.dll
Dependency assembly - System.IO.Compression.ZipFile.dll
Dependency assembly - System.Diagnostics.Process.dll
Dependency assembly - System.Diagnostics.StackTrace.dll
Dependency assembly - System.Linq.Queryable.dll
Dependency assembly - System.Net.WebHeaderCollection.dll
Dependency assembly - System.Security.Cryptography.Csp.dll
Dependency assembly - System.Threading.Tasks.dll
Dependency assembly - Mono.Tasklets.dll
Dependency assembly - Mono.WebBrowser.dll
Dependency assembly - PEAPI.dll
Dependency assembly - System.Deployment.dll
Dependency assembly - System.Threading.ThreadPool.dll
Dependency assembly - System.Data.Entity.dll
Dependency assembly - System.Drawing.Design.dll
Dependency assembly - System.Reactive.Windows.Threading.dll
Dependency assembly - System.Runtime.Numerics.dll
Dependency assembly - System.Web.Routing.dll
Dependency assembly - System.Security.Principal.Windows.dll
Dependency assembly - System.Runtime.InteropServices.RuntimeInformation.dll
Dependency assembly - System.IO.IsolatedStorage.dll
Dependency assembly - System.Buffers.dll
Dependency assembly - System.Resources.Reader.dll
Dependency assembly - CustomMarshalers.dll
Dependency assembly - System.ServiceModel.Routing.dll
Dependency assembly - System.Web.Http.WebHost.dll
Dependency assembly - Microsoft.VisualC.dll
Dependency assembly - I18N.West.dll
Dependency assembly - UnityEngine.UI.dll
Dependency assembly - System.ServiceModel.Internals.dll
Dependency assembly - System.dll
Dependency assembly - System.Xml.XPath.XmlDocument.dll
Dependency assembly - System.Net.Ping.dll
Dependency assembly - Microsoft.Build.Framework.dll
Dependency assembly - System.Data.Linq.dll
Dependency assembly - System.Diagnostics.Contracts.dll
Dependency assembly - System.Threading.dll
Dependency assembly - WebMatrix.Data.dll
Dependency assembly - System.ComponentModel.EventBasedAsync.dll
Dependency assembly - Accessibility.dll
Dependency assembly - System.Collections.Specialized.dll
Dependency assembly - ICSharpCode.SharpZipLib.dll
Dependency assembly - Mono.Profiler.Log.dll
Dependency assembly - System.Threading.Tasks.Extensions.dll
Dependency assembly - System.Workflow.Activities.dll
Dependency assembly - System.Xml.XPath.XDocument.dll
Dependency assembly - System.Security.dll
Dependency assembly - System.Threading.Timer.dll
Dependency assembly - System.ServiceModel.Primitives.dll
Dependency assembly - Unity.TextMeshPro.dll
Dependency assembly - System.IO.MemoryMappedFiles.dll
Dependency assembly - System.ServiceModel.Web.dll
Dependency assembly - System.Runtime.Serialization.Json.dll
Dependency assembly - System.Diagnostics.TextWriterTraceListener.dll
Dependency assembly - Mono.Cairo.dll
Dependency assembly - System.Security.Cryptography.ProtectedData.dll
Dependency assembly - System.DirectoryServices.Protocols.dll
Dependency assembly - System.Data.OracleClient.dll
Dependency assembly - System.ServiceModel.Activation.dll
Dependency assembly - System.Console.dll
Dependency assembly - System.IO.FileSystem.Primitives.dll
Dependency assembly - Mono.Security.Win32.dll
Dependency assembly - System.Reflection.dll
Dependency assembly - System.Web.Extensions.Design.dll
Dependency assembly - System.Reactive.PlatformServices.dll
Dependency assembly - System.ComponentModel.Composition.dll
Dependency assembly - RabbitMQ.Client.dll
Dependency assembly - System.Data.dll
Dependency assembly - System.Core.dll
Dependency assembly - System.AppContext.dll
Dependency assembly - System.Diagnostics.TraceEvent.dll
Dependency assembly - Mono.CompilerServices.SymbolWriter.dll
Dependency assembly - Mono.Parallel.dll
Dependency assembly - System.Linq.Expressions.dll
Dependency assembly - System.ServiceModel.dll
Dependency assembly - System.Json.dll
Dependency assembly - System.Drawing.Primitives.dll
Dependency assembly - System.Data.DataSetExtensions.dll
Dependency assembly - System.Reflection.Emit.Lightweight.dll
Dependency assembly - System.Reflection.Emit.dll
Dependency assembly - System.Runtime.Remoting.dll
Dependency assembly - System.IdentityModel.dll
Dependency assembly - System.Web.DynamicData.dll
Dependency assembly - System.Net.Http.Formatting.dll
Dependency assembly - System.Globalization.Calendars.dll
Dependency assembly - System.Net.ServicePoint.dll
Dependency assembly - Microsoft.Win32.Registry.dll
Dependency assembly - System.Reflection.TypeExtensions.dll
Dependency assembly - System.Net.AuthenticationManager.dll
Dependency assembly - System.Linq.Parallel.dll
Dependency assembly - System.Security.AccessControl.dll
Dependency assembly - System.Runtime.InteropServices.WindowsRuntime.dll
Dependency assembly - System.Text.RegularExpressions.dll
Dependency assembly - System.IO.Compression.dll
Dependency assembly - System.Net.HttpListener.dll
Dependency assembly - System.IO.UnmanagedMemoryStream.dll
Dependency assembly - System.Threading.AccessControl.dll
Dependency assembly - Mono.Posix.dll
Dependency assembly - System.Reflection.Context.dll
Dependency assembly - System.Collections.dll
Dependency assembly - System.Net.dll
Dependency assembly - Microsoft.Build.Engine.dll
Dependency assembly - System.Design.dll
Dependency assembly - System.Windows.dll
Dependency assembly - System.Security.Cryptography.Encryption.ECDiffieHellman.dll
Dependency assembly - System.IO.FileSystem.Watcher.dll
Dependency assembly - System.IO.dll
Dependency assembly - System.Threading.Tasks.Dataflow.dll
Dependency assembly - System.Diagnostics.Tracing.dll
Dependency assembly - System.Runtime.CompilerServices.VisualC.dll
Dependency assembly - System.Data.SqlClient.dll
Dependency assembly - Microsoft.CSharp.dll
Dependency assembly - Mono.Options.dll
Dependency assembly - I18N.Other.dll
Dependency assembly - System.Reactive.Linq.dll
Dependency assembly - Mono.Http.dll
Dependency assembly - System.Reactive.Runtime.Remoting.dll
Dependency assembly - System.Security.Cryptography.Hashing.dll
Dependency assembly - System.Diagnostics.Debug.dll
Dependency assembly - System.Linq.dll
Dependency assembly - System.Security.Cryptography.Cng.dll
Dependency assembly - System.Net.NameResolution.dll
Dependency assembly - System.Memory.dll
Dependency assembly - System.Web.Mobile.dll
Dependency assembly - Mono.CSharp.dll
Dependency assembly - System.Workflow.ComponentModel.dll
Dependency assembly - Microsoft.Web.Infrastructure.dll
Dependency assembly - System.Text.Encoding.Extensions.dll
Dependency assembly - System.Xml.XmlDocument.dll
Dependency assembly - System.Dynamic.Runtime.dll
Dependency assembly - System.Reactive.Experimental.dll
Dependency assembly - System.Reactive.Debugger.dll
Dependency assembly - System.ServiceModel.Http.dll
Dependency assembly - System.Web.WebPages.Razor.dll
Dependency assembly - System.Web.RegularExpressions.dll
Dependency assembly - System.Runtime.Serialization.dll
Dependency assembly - System.Net.Sockets.dll
Dependency assembly - System.Security.Cryptography.Encoding.dll
Dependency assembly - Mono.Messaging.dll
Dependency assembly - System.Configuration.dll
Dependency assembly - System.Web.Mvc.dll
Dependency assembly - System.Security.Cryptography.Algorithms.dll
Dependency assembly - System.Net.Requests.dll
Dependency assembly - System.Web.WebPages.Deployment.dll

Starting: C:\Program Files\Unity\Hub\Editor\6000.3.19f1\Editor\Data\Tools\BuildPipeline\bee_backend.exe --ipc --dagfile="Library/Bee/Player2bfa0b2a.dag" --profile="Library/Bee/backend1.traceevents" Player
WorkingDir: E:/project/unity/furitDefense
DisplayProgressbar: Incremental Player Build
ExitCode: 4 Duration: 0s824ms
Starting: C:\Program Files\Unity\Hub\Editor\6000.3.19f1\Editor\Data\netcorerun\netcorerun.exe "C:\Program Files\Unity\Hub\Editor\6000.3.19f1\Editor\Data\PlaybackEngines\WindowsStandaloneSupport\WinPlayerBuildProgram.exe" "C:/Program Files/Unity/Hub/Editor/6000.3.19f1/Editor/Data/PlaybackEngines/WindowsStandaloneSupport/Bee;C:/Program Files/Unity/Hub/Editor/6000.3.19f1/Editor/Data/Tools/BuildPipeline" "Library/Bee/Player2bfa0b2a.dag.json" "Library/Bee/Player2bfa0b2a-inputdata.json" "Library\Bee\buildprogram0.traceevents"
WorkingDir: E:/project/unity/furitDefense
ExitCode: 0 Duration: 0s325ms
Starting: C:\Program Files\Unity\Hub\Editor\6000.3.19f1\Editor\Data\Tools\BuildPipeline\bee_backend.exe --ipc --dagfile="Library/Bee/Player2bfa0b2a.dag" --dagfilejson="Library\Bee\Player2bfa0b2a.dag.json" --profile="Library/Bee/backend2.traceevents" Player
WorkingDir: E:/project/unity/furitDefense
Refreshing native plugins compatible for Editor in 0.29 ms, found 0 plugins.
ExitCode: 0 Duration: 0s123ms
Refreshing native plugins compatible for Editor in 0.26 ms, found 0 plugins.
Preloading 0 native plugins for Editor in 0.00 ms.

-------------------------------------------------------------------------------
Build Report
Information on used Assets is not available, since player data was not rebuilt.
Do a clean build to view the Asset build report information.
-------------------------------------------------------------------------------
Unloading 4 Unused Serialized files (Serialized files now loaded: 0)
Unloading 24 unused Assets / (0.7 MB). Loaded Objects now: 1226.
Memory consumption went from 99.4 MB to 98.6 MB.
Total: 6.855400 ms (FindLiveObjects: 0.076200 ms CreateObjectMapping: 0.019200 ms MarkObjects: 6.354300 ms  DeleteObjects: 0.404500 ms)

DisplayProgressNotification: Build Successful
Build Finished, Result: Success.
Total cache size 49735989
Total cache size after purge 49735989, took 00:00:00.0589139
##utp:{"type":"PlayerBuildInfo","version":2,"phase":"Immediate","time":1787889708063,"processId":17812,"steps":[{"description":"Preprocess Player","duration":20},{"description":"Prepare For Build","duration":10},{"description":"ProducePlayerScriptAssemblies","duration":1864},{"description":"Verify Build setup","duration":117},{"description":"Prepare assets for target platform","duration":60},{"description":"Prepare splash screen","duration":1},{"description":"Run script only build","duration":48},{"description":"Postprocess built player","duration":1475}],"duration":3595}
Unloading 0 Unused Serialized files (Serialized files now loaded: 0)
Loaded scene 'Temp/__Backupscenes/0.backup'
	Deserialize:            0.480 ms
	Integration:            4.923 ms
	Integration of assets:  0.003 ms
	Thread Wait Time:       0.006 ms
	Total Operation Time:   5.412 ms
Unloading 0 unused Assets / (0 B). Loaded Objects now: 1226.
Memory consumption went from 98.3 MB to 98.3 MB.
Total: 5.961900 ms (FindLiveObjects: 0.070600 ms CreateObjectMapping: 0.013000 ms MarkObjects: 5.868200 ms  DeleteObjects: 0.008000 ms)

Batchmode quit successfully invoked - shutting down!
[Physics::Module] Cleanup current backend.
[Physics::Module] Id: 0xf2b8ea05
Input System module state changed to: ShutdownInProgress.
Input System polling thread exited.
Input System module state changed to: Shutdown.
[Licensing::IpcConnector] LicenseClient-18163-notifications channel disconnected successfully.
[Licensing::IpcConnector] LicenseClient-18163 channel disconnected successfully.
AcceleratorClientConnectionCallback - disconnected - :0
Cleanup mono
Exiting batchmode successfully now!
Exiting without the bug reporter. Application will terminate with return code 0