[Licensing::Module] Trying to connect to existing licensing client channel...
Built from '6000.3/staging' branch; Version is '6000.3.19f1 (7689f4515d75) revision 7768564'; Using compiler version '194234433'; Build Type 'Release'
[Licensing::IpcConnector] Channel LicenseClient-18163 doesn't exist
OS: 'Windows 10  (10.0.19045) 64bit Professional' Language: 'zh' Physical Memory: 32679 MB
BatchMode: 1, IsHumanControllingUs: 0, StartBugReporterOnCrash: 0, Is64bit: 1
System  architecture: x64
Process architecture: x64
Date: 2026-08-28T04:01:55Z
[Licensing::Module] Successfully launched the LicensingClient (PId: 18860)

COMMAND LINE ARGUMENTS:
C:\Program Files\Unity\Hub\Editor\6000.3.19f1\Editor\Unity.exe
-batchmode
-nographics
-quit
-projectPath
E:\project\unity\furitDefense
-buildTarget
WebGL
-executeMethod
FruitDefense.Editor.WebBuild.Build
-logFile
E:\project\unity\furitDefense\openspec\changes\polish-sky-paper-ui-eight-point\evidence\p0-line-removal-webgl-build.log
Successfully changed project path to: E:\project\unity\furitDefense
E:/project/unity/furitDefense
[UnityMemory] Configuration Parameters - Can be set up in boot.config
    "memorysetup-temp-allocator-size-nav-mesh-worker=65536"
    "memorysetup-temp-allocator-size-audio-worker=65536"
    "memorysetup-temp-allocator-size-gfx=262144"
    "memorysetup-allocator-temp-initial-block-size-main=262144"
    "memorysetup-allocator-temp-initial-block-size-worker=262144"
    "memorysetup-temp-allocator-size-background-worker=32768"
    "memorysetup-temp-allocator-size-job-worker=262144"
    "memorysetup-temp-allocator-size-preload-manager=33554432"
    "memorysetup-temp-allocator-size-gi-baking-worker=262144"
    "memorysetup-temp-allocator-size-gi-baking-worker=262144"
    "memorysetup-temp-allocator-size-gi-baking-worker=262144"
    "memorysetup-temp-allocator-size-gi-baking-worker=262144"
    "memorysetup-temp-allocator-size-gi-baking-worker=262144"
    "memorysetup-bucket-allocator-granularity=16"
    "memorysetup-bucket-allocator-bucket-count=8"
    "memorysetup-bucket-allocator-block-size=33554432"
    "memorysetup-bucket-allocator-block-count=8"
    "memorysetup-main-allocator-block-size=16777216"
    "memorysetup-thread-allocator-block-size=16777216"
    "memorysetup-gfx-main-allocator-block-size=16777216"
    "memorysetup-gfx-thread-allocator-block-size=16777216"
    "memorysetup-cache-allocator-block-size=4194304"
    "memorysetup-typetree-allocator-block-size=2097152"
    "memorysetup-profiler-bucket-allocator-granularity=16"
    "memorysetup-profiler-bucket-allocator-bucket-count=8"
    "memorysetup-profiler-bucket-allocator-block-size=33554432"
    "memorysetup-profiler-bucket-allocator-block-count=8"
    "memorysetup-profiler-allocator-block-size=16777216"
    "memorysetup-profiler-editor-allocator-block-size=1048576"
    "memorysetup-temp-allocator-size-main=16777216"
    "memorysetup-job-temp-allocator-block-size=2097152"
    "memorysetup-job-temp-allocator-block-size-background=1048576"
    "memorysetup-job-temp-allocator-reduction-small-platforms=262144"
    "memorysetup-temp-allocator-size-cloud-worker=32768"
Player connection [23904]  Target information:

Player connection [23904]  * "[IP] 192.168.3.10 [Port] 55504 [Flags] 2 [Guid] 2871086728 [EditorId] 2871086728 [Version] 1048832 [Id] WindowsEditor(7,DESKTOP-02DUQIQ) [Debug] 1 [PackageName] WindowsEditor [ProjectName] Editor" 

Player connection [23904]  * "[IP] 169.254.219.203 [Port] 55504 [Flags] 2 [Guid] 2871086728 [EditorId] 2871086728 [Version] 1048832 [Id] WindowsEditor(7,DESKTOP-02DUQIQ) [Debug] 1 [PackageName] WindowsEditor [ProjectName] Editor" 

Player connection [23904] Host joined multi-casting on [225.0.0.222:54997]...
Player connection [23904] Host joined alternative multi-casting on [225.0.0.222:34997]...
Input System module state changed to: Initialized.
[Physics::Module] Initialized fallback backend.
[Physics::Module] Id: 0xdecafbad
[Licensing::IpcConnector] Successfully connected to: "LicenseClient-18163" at "2026-08-28T04:01:56.2014532Z"
[Licensing::Client] Code 10 while verifying Licensing Client signature (process Id: 18860, path: "C:/Program Files/Unity/Hub/Editor/6000.3.19f1/Editor/Data/Resources/Licensing/Client/Unity.Licensing.Client.exe")
[Licensing::Module] LicensingClient has failed validation; ignoring
[Package Manager] Connected to IPC stream "Upm-19268" after 0.3 seconds.
[Licensing::Module] Licensing is not yet initialized.
[Licensing::Client] Handshaking with LicensingClient:
  Version:                 1.18.1+9fbee8e
  Session Id:              625af5a59eac41fb93e7e75a251f541f
  Correlation Id:          dd6d71c76e3ccc9ca5b2deeb4642e988
  External correlation Id: 1244083971865676049
  Machine Id:              45/sxUmrq84w1DGaAIO3nlH4R54=
[Licensing::Module] Successfully connected to LicensingClient on channel: "LicenseClient-18163" (connect: 0.38s, validation: 0.17s, handshake: 0.06s)
[Licensing::IpcConnector] Successfully connected to: "LicenseClient-18163-notifications" at "2026-08-28T04:01:56.4289183Z"
[Licensing::Module] Connected to LicensingClient (PId: 18860, launch time: 0.01, total connection time: 0.60s)
[Licensing::Module] Error: Access token is unavailable; failed to update
[Licensing::Client] Successfully resolved entitlement details
[Licensing::Module] License group:
  Id: F4-PJMF-AXN2-R4YC-DCT2-XXXX
  Product: Unity Personal
  Type: ULF
  Expiration: 2026-09-07T05:01:38Z
[Licensing::Client] Successfully updated license, isAsync: True, time: 0.01
[Licensing::Client] Successfully resolved entitlement details
[Licensing::Module] Licensing Background thread has ended after 0.65s
[Licensing::Module] Licensing is initialized (took 0.10s).
[Licensing::Client] Successfully resolved entitlement details
Library Redirect Path: Library/
[Physics::Module] Selected backend.
[Physics::Module] Name: PhysX
[Physics::Module] Id: 0xf2b8ea05
[Physics::Module] SDK Version: 4.1.2
[Physics::Module] Integration Version: 1.0.0
[Physics::Module] Threading Mode: Multi-Threaded
Targeting platform: WebGL
Refreshing native plugins compatible for Editor in 0.16 ms, found 0 plugins.
Preloading 0 native plugins for Editor in 0.00 ms.
Initialize engine version: 6000.3.19f1 (7689f4515d75)
[Subsystems] Discovering subsystems at path C:/Program Files/Unity/Hub/Editor/6000.3.19f1/Editor/Data/Resources/UnitySubsystems
[Subsystems] Discovering subsystems at path E:/project/unity/furitDefense/Assets
Forcing GfxDevice: Null
GfxDevice: creating device client; kGfxThreadingModeNonThreaded
NullGfxDevice:
    Version:  NULL 1.0 [1.0]
    Renderer: Null Device
    Vendor:   Unity Technologies
Initialize mono
Mono path[0] = 'C:/Program Files/Unity/Hub/Editor/6000.3.19f1/Editor/Data/Managed'
Mono path[1] = 'C:/Program Files/Unity/Hub/Editor/6000.3.19f1/Editor/Data/MonoBleedingEdge/lib/mono/unityjit-win32'
Mono config path = 'C:/Program Files/Unity/Hub/Editor/6000.3.19f1/Editor/Data/MonoBleedingEdge/etc'
Using monoOptions --debugger-agent=transport=dt_socket,embedding=1,server=y,suspend=n,address=127.0.0.1:56268
Using cacheserver namespaces - metadata:defaultmetadata, artifacts:defaultartifacts
Using cacheserver namespaces - metadata:defaultmetadata, artifacts:defaultartifacts
ImportWorker Server TCP listen port: 0
AcceleratorClientConnectionCallback - disconnected - :0
Begin MonoManager ReloadAssembly
Registering precompiled unity dll's ...
Register platform support module: C:/Program Files/Unity/Hub/Editor/6000.3.19f1/Editor/Data/PlaybackEngines/WebGLSupport/UnityEditor.WebGL.Extensions.dll
Register platform support module: C:/Program Files/Unity/Hub/Editor/6000.3.19f1/Editor/Data/PlaybackEngines/WindowsStandaloneSupport/UnityEditor.WindowsStandalone.Extensions.dll
Registered in 0.002918 seconds.
- Loaded All Assemblies, in  0.444 seconds
Native extension for WindowsStandalone target not found
Native extension for WebGL target not found
Package Manager log level set to [2]
ScheduleIndexationOnStartup MainProcess:False IndexOnStartup:True
Mono: successfully reloaded assembly
- Finished resetting the current domain, in  0.392 seconds
Domain Reload Profiling: 833ms
	BeginReloadAssembly (151ms)
		ExecutionOrderSort (0ms)
		DisableScriptedObjects (0ms)
		BackupInstance (0ms)
		ReleaseScriptingObjects (0ms)
		CreateAndSetChildDomain (16ms)
	RebuildCommonClasses (40ms)
	RebuildNativeTypeToScriptingClass (11ms)
	initialDomainReloadingComplete (50ms)
	LoadAllAssembliesAndSetupDomain (188ms)
		LoadAssemblies (132ms)
		RebuildTransferFunctionScriptingTraits (0ms)
		AnalyzeDomain (184ms)
			TypeCache.Refresh (182ms)
				TypeCache.ScanAssembly (167ms)
			BuildScriptInfoCaches (0ms)
			ResolveRequiredComponents (0ms)
	FinalizeReload (393ms)
		ReleaseScriptCaches (0ms)
		RebuildScriptCaches (0ms)
		SetupLoadedEditorAssemblies (355ms)
			LogAssemblyErrors (0ms)
			InitializePlatformSupportModulesInManaged (54ms)
			SetLoadedEditorAssemblies (3ms)
			BeforeProcessingInitializeOnLoad (77ms)
			ProcessInitializeOnLoadAttributes (136ms)
			ProcessInitializeOnLoadMethodAttributes (84ms)
			AfterProcessingInitializeOnLoad (0ms)
			EditorAssembliesLoaded (0ms)
		ExecutionOrderSort2 (0ms)
		AwakeInstancesAfterBackupRestoration (0ms)
[Licensing::Client] Successfully resolved entitlement details
Application.AssetDatabase Initial Refresh Start
[Package Manager] Restoring resolved packages state from cache
[Licensing::Client] Successfully resolved entitlement details
[Package Manager] Registered 34 packages:
  Built-in packages:
    com.unity.ugui@2.0.0 (location: E:\project\unity\furitDefense\Library\PackageCache\com.unity.ugui@b95364aab964)
    com.unity.modules.ai@1.0.0 (location: E:\project\unity\furitDefense\Library\PackageCache\com.unity.modules.ai)
    com.unity.modules.androidjni@1.0.0 (location: E:\project\unity\furitDefense\Library\PackageCache\com.unity.modules.androidjni)
    com.unity.modules.animation@1.0.0 (location: E:\project\unity\furitDefense\Library\PackageCache\com.unity.modules.animation)
    com.unity.modules.assetbundle@1.0.0 (location: E:\project\unity\furitDefense\Library\PackageCache\com.unity.modules.assetbundle)
    com.unity.modules.audio@1.0.0 (location: E:\project\unity\furitDefense\Library\PackageCache\com.unity.modules.audio)
    com.unity.modules.cloth@1.0.0 (location: E:\project\unity\furitDefense\Library\PackageCache\com.unity.modules.cloth)
    com.unity.modules.director@1.0.0 (location: E:\project\unity\furitDefense\Library\PackageCache\com.unity.modules.director)
    com.unity.modules.imageconversion@1.0.0 (location: E:\project\unity\furitDefense\Library\PackageCache\com.unity.modules.imageconversion)
    com.unity.modules.imgui@1.0.0 (location: E:\project\unity\furitDefense\Library\PackageCache\com.unity.modules.imgui)
    com.unity.modules.jsonserialize@1.0.0 (location: E:\project\unity\furitDefense\Library\PackageCache\com.unity.modules.jsonserialize)
    com.unity.modules.particlesystem@1.0.0 (location: E:\project\unity\furitDefense\Library\PackageCache\com.unity.modules.particlesystem)
    com.unity.modules.physics@1.0.0 (location: E:\project\unity\furitDefense\Library\PackageCache\com.unity.modules.physics)
    com.unity.modules.physics2d@1.0.0 (location: E:\project\unity\furitDefense\Library\PackageCache\com.unity.modules.physics2d)
    com.unity.modules.screencapture@1.0.0 (location: E:\project\unity\furitDefense\Library\PackageCache\com.unity.modules.screencapture)
    com.unity.modules.terrain@1.0.0 (location: E:\project\unity\furitDefense\Library\PackageCache\com.unity.modules.terrain)
    com.unity.modules.terrainphysics@1.0.0 (location: E:\project\unity\furitDefense\Library\PackageCache\com.unity.modules.terrainphysics)
    com.unity.modules.tilemap@1.0.0 (location: E:\project\unity\furitDefense\Library\PackageCache\com.unity.modules.tilemap)
    com.unity.modules.ui@1.0.0 (location: E:\project\unity\furitDefense\Library\PackageCache\com.unity.modules.ui)
    com.unity.modules.uielements@1.0.0 (location: E:\project\unity\furitDefense\Library\PackageCache\com.unity.modules.uielements)
    com.unity.modules.umbra@1.0.0 (location: E:\project\unity\furitDefense\Library\PackageCache\com.unity.modules.umbra)
    com.unity.modules.unityanalytics@1.0.0 (location: E:\project\unity\furitDefense\Library\PackageCache\com.unity.modules.unityanalytics)
    com.unity.modules.unitywebrequest@1.0.0 (location: E:\project\unity\furitDefense\Library\PackageCache\com.unity.modules.unitywebrequest)
    com.unity.modules.unitywebrequestassetbundle@1.0.0 (location: E:\project\unity\furitDefense\Library\PackageCache\com.unity.modules.unitywebrequestassetbundle)
    com.unity.modules.unitywebrequestaudio@1.0.0 (location: E:\project\unity\furitDefense\Library\PackageCache\com.unity.modules.unitywebrequestaudio)
    com.unity.modules.unitywebrequesttexture@1.0.0 (location: E:\project\unity\furitDefense\Library\PackageCache\com.unity.modules.unitywebrequesttexture)
    com.unity.modules.unitywebrequestwww@1.0.0 (location: E:\project\unity\furitDefense\Library\PackageCache\com.unity.modules.unitywebrequestwww)
    com.unity.modules.vehicles@1.0.0 (location: E:\project\unity\furitDefense\Library\PackageCache\com.unity.modules.vehicles)
    com.unity.modules.video@1.0.0 (location: E:\project\unity\furitDefense\Library\PackageCache\com.unity.modules.video)
    com.unity.modules.vr@1.0.0 (location: E:\project\unity\furitDefense\Library\PackageCache\com.unity.modules.vr)
    com.unity.modules.wind@1.0.0 (location: E:\project\unity\furitDefense\Library\PackageCache\com.unity.modules.wind)
    com.unity.modules.xr@1.0.0 (location: E:\project\unity\furitDefense\Library\PackageCache\com.unity.modules.xr)
    com.unity.modules.subsystems@1.0.0 (location: E:\project\unity\furitDefense\Library\PackageCache\com.unity.modules.subsystems)
    com.unity.modules.hierarchycore@1.0.0 (location: E:\project\unity\furitDefense\Library\PackageCache\com.unity.modules.hierarchycore)
[Subsystems] No new subsystems found in resolved package list.
[Package Manager] Done registering packages in 0.02 seconds
[ScriptCompilation] Requested script compilation because: InitialRefresh: Force Refresh Recompile flag enabled
Starting: C:\Program Files\Unity\Hub\Editor\6000.3.19f1\Editor\Data\Tools\BuildPipeline\bee_backend.exe --ipc --defer-dag-verification --dagfile="Library/Bee/2000b0aE.dag" --continue-on-failure --profile="Library/Bee/backend1.traceevents" ScriptAssemblies
WorkingDir: E:/project/unity/furitDefense
DisplayProgressbar: Compiling Scripts
ExitCode: 0 Duration: 0s117ms
[192/211    0s] CopyFiles Library/ScriptAssemblies/Unity.InternalAPIEngineBridge.004.pdb
[193/211    0s] CopyFiles Library/ScriptAssemblies/UnityEditor.UI.pdb
[194/211    0s] CopyFiles Library/ScriptAssemblies/UnityEngine.UI.pdb
[196/211    0s] CopyFiles Library/ScriptAssemblies/Unity.InternalAPIEngineBridge.004.dll
[198/211    0s] CopyFiles Library/ScriptAssemblies/UnityEditor.UI.dll
[199/211    0s] CopyFiles Library/ScriptAssemblies/Unity.TextMeshPro.pdb
[201/211    0s] CopyFiles Library/ScriptAssemblies/Unity.TextMeshPro.dll
[202/211    0s] CopyFiles Library/ScriptAssemblies/UnityEngine.UI.dll
[203/211    0s] CopyFiles Library/ScriptAssemblies/UnityEditor.UI.Analytics.dll
[204/211    0s] CopyFiles Library/ScriptAssemblies/UnityEditor.UI.Analytics.pdb
[205/211    0s] CopyFiles Library/ScriptAssemblies/Unity.TextMeshPro.Editor.pdb
[206/211    0s] CopyFiles Library/ScriptAssemblies/Unity.TextMeshPro.Editor.dll
[207/211    0s] CopyFiles Library/ScriptAssemblies/Assembly-CSharp.pdb
[208/211    0s] CopyFiles Library/ScriptAssemblies/Assembly-CSharp-Editor.pdb
[209/211    0s] CopyFiles Library/ScriptAssemblies/Assembly-CSharp.dll
[210/211    0s] CopyFiles Library/ScriptAssemblies/Assembly-CSharp-Editor.dll
*** Tundra build success (0.08 seconds), 16 items updated, 211 evaluated
AssetDatabase: script compilation time: 0.493062s
Begin MonoManager ReloadAssembly
Total cache size 49735989
Total cache size after purge 49735989, took 00:00:00.0620529
- Loaded All Assemblies, in  0.402 seconds
Refreshing native plugins compatible for Editor in 0.24 ms, found 0 plugins.
Native extension for WindowsStandalone target not found
Native extension for WebGL target not found
ScheduleIndexationOnStartup MainProcess:True IndexOnStartup:True
Mono: successfully reloaded assembly
- Finished resetting the current domain, in  0.507 seconds
Domain Reload Profiling: 906ms
	BeginReloadAssembly (291ms)
		ExecutionOrderSort (0ms)
		DisableScriptedObjects (90ms)
		BackupInstance (0ms)
		ReleaseScriptingObjects (0ms)
		CreateAndSetChildDomain (45ms)
	RebuildCommonClasses (37ms)
	RebuildNativeTypeToScriptingClass (12ms)
	initialDomainReloadingComplete (24ms)
	LoadAllAssembliesAndSetupDomain (34ms)
		LoadAssemblies (124ms)
		RebuildTransferFunctionScriptingTraits (0ms)
		AnalyzeDomain (25ms)
			TypeCache.Refresh (16ms)
				TypeCache.ScanAssembly (10ms)
			BuildScriptInfoCaches (5ms)
			ResolveRequiredComponents (2ms)
	FinalizeReload (508ms)
		ReleaseScriptCaches (0ms)
		RebuildScriptCaches (0ms)
		SetupLoadedEditorAssemblies (336ms)
			LogAssemblyErrors (0ms)
			InitializePlatformSupportModulesInManaged (35ms)
			SetLoadedEditorAssemblies (4ms)
			BeforeProcessingInitializeOnLoad (124ms)
			ProcessInitializeOnLoadAttributes (117ms)
			ProcessInitializeOnLoadMethodAttributes (47ms)
			AfterProcessingInitializeOnLoad (10ms)
			EditorAssembliesLoaded (0ms)
		ExecutionOrderSort2 (0ms)
		AwakeInstancesAfterBackupRestoration (35ms)
Start importing Assets/Resources/Fonts/NotoSansSC-Reading-400.ttf using Guid(82bf12e4b7d04b14ad1b23a984c799b2) (TrueTypeFontImporter) -> (artifact id: '9fb029b320d470c11bdc5044f739f94a') in 0.0180508 seconds
Start importing Assets/Resources/Fonts/FruitDefense-OrchardDisplay-400.ttf using Guid(eebbf43087f44e06b3242ca5b023ae98) (TrueTypeFontImporter) -> (artifact id: '02b95aa9a4a519c7150653245b5a1d56') in 0.0027264 seconds
Refreshing native plugins compatible for Editor in 0.16 ms, found 0 plugins.
Preloading 0 native plugins for Editor in 0.00 ms.
Asset Pipeline Refresh (id=bec87afad18e22647b3b10d3af72be6c): Total: 1.666 seconds - Initiated by InitialRefreshV2(ForceSynchronousImport)
	Summary:
		Imports: total=772 (actual=2, local cache=770, cache server=0)
		Asset DB Process Time: managed=3 ms, native=661 ms
		Asset DB Callback time: managed=69 ms, native=20 ms
		Scripting: domain reloads=1, domain reload time=402 ms, compile time=497 ms, other=12 ms
		Project Asset Count: scripts=265, non-scripts=781
		Asset File Changes: new=0, changed=0, moved=0, deleted=0
		Scan Filter Count: 0
	InvokeCustomDependenciesCallbacks: 0.002ms
	InvokePackagesCallback: 19.017ms
	ApplyChangesToAssetFolders: 0.515ms
	Scan: 24.631ms
	OnSourceAssetsModified: 0.004ms
	CategorizeAssetsWithTransientArtifact: 1.798ms
	ProcessAssetsWithTransientArtifactChanges: 10.058ms
	CategorizeAssets: 7.891ms
	ImportOutOfDateAssets: 536.148ms (15.263ms without children)
		ImportManagerImport: 23.180ms (1.188ms without children)
			ImportInProcess: 21.957ms
			UpdateCategorizedAssets: 0.035ms
		CompileScripts: 497.019ms
		ReloadNativeAssets: 0.001ms
		UnloadImportedAssets: 0.120ms
		ReloadImportedAssets: 0.012ms
		EnsureUptoDateAssetsAreRegisteredWithGuidPM: 0.279ms
		InitializingProgressBar: 0.008ms
		PostProcessAllAssetNotificationsAddChangedAssets: 0.001ms
		OnDemandSchedulerStart: 0.267ms
	PostProcessAllAssets: 71.346ms
	Hotreload: 0.749ms
	GatherAllCurrentPrimaryArtifactRevisions: 0.003ms
	UnloadStreamsBegin: 0.996ms
	PersistCurrentRevisions: 0.506ms
	UnloadStreamsEnd: 0.001ms
	GenerateScriptTypeHashes: 0.001ms
	Untracked: 992.267ms

Application.AssetDatabase Initial Refresh End
Scanning for USB devices : 14.560ms
Initializing Unity extensions:
[MODES] ModeService[none].Initialize
[MODES] ModeService[none].LoadModes
[MODES] Loading mode Default (0) for mode-current-id-水果塔防
Unloading 6 Unused Serialized files (Serialized files now loaded: 0)
Unloading 559 unused Assets / (0.8 MB). Loaded Objects now: 1193.
Memory consumption went from 98.4 MB to 97.6 MB.
Total: 8.857800 ms (FindLiveObjects: 0.096200 ms CreateObjectMapping: 0.028700 ms MarkObjects: 8.060500 ms  DeleteObjects: 0.671500 ms)

Start importing ProjectSettings/ProjectSettings.asset using Guid(00000000000000004000000000000000) (LibraryAssetImporter) -> (artifact id: '69332c56fbc265e8560b1fcddff6f0d3') in 0.0025593 seconds
Refreshing native plugins compatible for Editor in 0.14 ms, found 0 plugins.
Preloading 0 native plugins for Editor in 0.00 ms.
Asset Pipeline Refresh (id=42b5f9660e04efa479dbb4c1ef65ea52): Total: 0.024 seconds - Initiated by StopAssetImportingV2(NoUpdateAssetOptions)
Launched and connected shader compiler UnityShaderCompiler.exe after 0.01 seconds
Starting: C:\Program Files\Unity\Hub\Editor\6000.3.19f1\Editor\Data\Tools\BuildPipeline\bee_backend.exe --ipc --defer-dag-verification --dagfile="Library/Bee/2000b0aESkipCompile.dag" --continue-on-failure --profile="Library/Bee/backend1.traceevents" ScriptAssembliesAndTypeDB
WorkingDir: E:/project/unity/furitDefense
ExitCode: 0 Duration: 0s373ms
[2/3        0s] BuildPlayerDataGenerator Library/BuildPlayerData/Editor/TypeDb-All.json
*** Tundra build success (0.33 seconds), 1 items updated, 3 evaluated
Asset Pipeline Refresh (id=c97ff91fbfdf33e499984f50685c148e): Total: 0.009 seconds - Initiated by RefreshV2(NoUpdateAssetOptions)
[ScriptCompilation] Requested script compilation because: Recompiling scripts for player build.
BuildPlayer: start building target 20
Total cache size 49735989
Total cache size after purge 49735989, took 00:00:00.0603675
Starting: C:\Program Files\Unity\Hub\Editor\6000.3.19f1\Editor\Data\Tools\BuildPipeline\bee_backend.exe --ipc --defer-dag-verification --dagfile="Library/Bee/2000b0aP.dag" --continue-on-failure --profile="Library/Bee/backend1.traceevents" ScriptAssembliesAndTypeDB
WorkingDir: E:/project/unity/furitDefense
ExitCode: 0 Duration: 1s220ms
[ 99/110    0s] CopyFiles Library/Bee/PlayerScriptAssemblies/Unity.InternalAPIEngineBridge.004.pdb
[100/110    0s] CopyFiles Library/Bee/PlayerScriptAssemblies/UnityEngine.UI.pdb
[101/110    0s] CopyFiles Library/Bee/PlayerScriptAssemblies/Unity.TextMeshPro.pdb
[102/110    0s] CopyFiles Library/Bee/PlayerScriptAssemblies/Unity.InternalAPIEngineBridge.004.dll
[103/110    0s] CopyFiles Library/Bee/PlayerScriptAssemblies/UnityEngine.UI.dll
[104/110    0s] CopyFiles Library/Bee/PlayerScriptAssemblies/Unity.TextMeshPro.dll
[105/110    0s] Csc Library/Bee/artifacts/2000b0aP.dag/Assembly-CSharp.dll (+2 others)
Assets\Scripts\Presentation\BattleCombatGuiRenderer.cs(71,17): warning CS0162: Unreachable code detected
[106/110    0s] CopyFiles Library/Bee/PlayerScriptAssemblies/Assembly-CSharp.pdb
[107/110    0s] CopyFiles Library/Bee/PlayerScriptAssemblies/Assembly-CSharp.dll
[109/110    0s] BuildPlayerDataGenerator Library/BuildPlayerData/Player/RuntimeInitializeOnLoads.json (+1 other)
*** Tundra build success (1.19 seconds), 10 items updated, 110 evaluated
Assets\Scripts\Presentation\BattleCombatGuiRenderer.cs(71,17): warning CS0162: Unreachable code detected
Total cache size 49735989
Total cache size after purge 49735989, took 00:00:00.0550425
Not rebuilding Data files -- no changes


Mono dependencies included in the build
Dependency assembly - System.Security.Cryptography.ProtectedData.dll
Dependency assembly - System.Numerics.Vectors.dll
Dependency assembly - System.Globalization.Extensions.dll
Dependency assembly - System.IdentityModel.Selectors.dll
Dependency assembly - System.Net.ServicePoint.dll
Dependency assembly - System.dll
Dependency assembly - System.Threading.Overlapped.dll
Dependency assembly - Unity.InternalAPIEngineBridge.004.dll
Dependency assembly - System.Net.Utilities.dll
Dependency assembly - I18N.Other.dll
Dependency assembly - System.Windows.dll
Dependency assembly - System.Net.dll
Dependency assembly - System.Web.Services.dll
Dependency assembly - System.Globalization.Calendars.dll
Dependency assembly - System.Memory.dll
Dependency assembly - System.Net.NetworkInformation.dll
Dependency assembly - System.IO.FileSystem.DriveInfo.dll
Dependency assembly - System.ServiceModel.Duplex.dll
Dependency assembly - System.Runtime.Serialization.Formatters.dll
Dependency assembly - System.Threading.Tasks.dll
Dependency assembly - System.Net.WebSockets.dll
Dependency assembly - System.Xml.dll
Dependency assembly - System.Resources.ResourceManager.dll
Dependency assembly - System.Runtime.Serialization.dll
Dependency assembly - mscorlib.dll
Dependency assembly - System.ServiceModel.Security.dll
Dependency assembly - Mono.Data.Tds.dll
Dependency assembly - System.Security.Cryptography.Cng.dll
Dependency assembly - System.Reflection.Emit.Lightweight.dll
Dependency assembly - System.Reflection.Emit.ILGeneration.dll
Dependency assembly - System.Runtime.dll
Dependency assembly - System.Net.WebSockets.Client.dll
Dependency assembly - System.Security.Cryptography.Algorithms.dll
Dependency assembly - System.Security.Cryptography.Encryption.Aes.dll
Dependency assembly - System.Collections.NonGeneric.dll
Dependency assembly - System.Security.Principal.Windows.dll
Dependency assembly - System.Threading.Timer.dll
Dependency assembly - Assembly-CSharp.dll
Dependency assembly - System.Security.Cryptography.Hashing.dll
Dependency assembly - System.Xml.XPath.dll
Dependency assembly - System.Data.OracleClient.dll
Dependency assembly - System.Security.Cryptography.Csp.dll
Dependency assembly - System.Data.Services.dll
Dependency assembly - System.Resources.Reader.dll
Dependency assembly - System.Diagnostics.Contracts.dll
Dependency assembly - System.Net.Requests.dll
Dependency assembly - System.Security.SecureString.dll
Dependency assembly - System.IO.FileSystem.AccessControl.dll
Dependency assembly - System.Net.WebHeaderCollection.dll
Dependency assembly - System.Runtime.Serialization.Json.dll
Dependency assembly - System.Web.ApplicationServices.dll
Dependency assembly - System.Web.RegularExpressions.dll
Dependency assembly - System.Threading.Tasks.Extensions.dll
Dependency assembly - System.Net.Http.dll
Dependency assembly - System.Security.Cryptography.X509Certificates.dll
Dependency assembly - System.ServiceModel.Web.dll
Dependency assembly - System.Resources.ReaderWriter.dll
Dependency assembly - System.Net.Ping.dll
Dependency assembly - Microsoft.Win32.Registry.dll
Dependency assembly - System.Linq.Queryable.dll
Dependency assembly - System.IO.FileSystem.dll
Dependency assembly - System.Security.AccessControl.dll
Dependency assembly - System.Drawing.dll
Dependency assembly - System.Management.dll
Dependency assembly - System.Threading.dll
Dependency assembly - System.ComponentModel.Composition.dll
Dependency assembly - System.Runtime.Serialization.Primitives.dll
Dependency assembly - System.Xml.XmlDocument.dll
Dependency assembly - System.Transactions.dll
Dependency assembly - System.Runtime.Caching.dll
Dependency assembly - I18N.CJK.dll
Dependency assembly - System.Diagnostics.FileVersionInfo.dll
Dependency assembly - System.DirectoryServices.Protocols.dll
Dependency assembly - System.Data.dll
Dependency assembly - System.Runtime.InteropServices.WindowsRuntime.dll
Dependency assembly - System.ServiceModel.Discovery.dll
Dependency assembly - System.Reflection.TypeExtensions.dll
Dependency assembly - System.Collections.Specialized.dll
Dependency assembly - System.Drawing.Primitives.dll
Dependency assembly - System.Windows.Forms.dll
Dependency assembly - System.Security.Claims.dll
Dependency assembly - System.Security.Cryptography.Hashing.Algorithms.dll
Dependency assembly - System.Net.AuthenticationManager.dll
Dependency assembly - System.Threading.Tasks.Parallel.dll
Dependency assembly - System.Runtime.Handles.dll
Dependency assembly - System.ComponentModel.Primitives.dll
Dependency assembly - I18N.MidEast.dll
Dependency assembly - Mono.Security.dll
Dependency assembly - System.ComponentModel.TypeConverter.dll
Dependency assembly - System.Net.Http.WebRequest.dll
Dependency assembly - System.Drawing.Design.dll
Dependency assembly - System.Diagnostics.Tools.dll
Dependency assembly - System.Security.Cryptography.Pkcs.dll
Dependency assembly - System.ObjectModel.dll
Dependency assembly - System.Runtime.DurableInstancing.dll
Dependency assembly - System.Diagnostics.Debug.dll
Dependency assembly - System.Runtime.CompilerServices.VisualC.dll
Dependency assembly - System.Collections.Concurrent.dll
Dependency assembly - System.Runtime.Extensions.dll
Dependency assembly - System.Security.Cryptography.Encryption.ECDiffieHellman.dll
Dependency assembly - System.Security.Cryptography.RSA.dll
Dependency assembly - System.Diagnostics.StackTrace.dll
Dependency assembly - System.ServiceModel.NetTcp.dll
Dependency assembly - System.Data.Common.dll
Dependency assembly - System.ComponentModel.DataAnnotations.dll
Dependency assembly - System.Net.NameResolution.dll
Dependency assembly - System.IO.Compression.dll
Dependency assembly - System.Dynamic.Runtime.dll
Dependency assembly - System.Web.Extensions.Design.dll
Dependency assembly - System.Text.Encoding.dll
Dependency assembly - System.IO.MemoryMappedFiles.dll
Dependency assembly - System.Reflection.Primitives.dll
Dependency assembly - System.ServiceModel.Routing.dll
Dependency assembly - Accessibility.dll
Dependency assembly - I18N.dll
Dependency assembly - Microsoft.CSharp.dll
Dependency assembly - System.Net.Security.dll
Dependency assembly - System.ServiceModel.dll
Dependency assembly - System.Threading.AccessControl.dll
Dependency assembly - System.ServiceProcess.dll
Dependency assembly - Microsoft.Win32.Primitives.dll
Dependency assembly - System.Runtime.Serialization.Xml.dll
Dependency assembly - System.Security.Principal.dll
Dependency assembly - System.Numerics.dll
Dependency assembly - System.Diagnostics.TraceSource.dll
Dependency assembly - System.Reflection.Emit.dll
Dependency assembly - System.Json.dll
Dependency assembly - System.Diagnostics.Tracing.dll
Dependency assembly - System.Text.Encoding.CodePages.dll
Dependency assembly - System.Runtime.Remoting.dll
Dependency assembly - System.DirectoryServices.dll
Dependency assembly - System.EnterpriseServices.dll
Dependency assembly - System.Messaging.dll
Dependency assembly - System.Xml.XDocument.dll
Dependency assembly - System.Text.RegularExpressions.dll
Dependency assembly - System.Reflection.dll
Dependency assembly - Microsoft.Win32.Registry.AccessControl.dll
Dependency assembly - System.Net.Primitives.dll
Dependency assembly - System.Xml.XmlSerializer.dll
Dependency assembly - System.Security.Cryptography.Encryption.dll
Dependency assembly - System.Reflection.DispatchProxy.dll
Dependency assembly - System.Data.DataSetExtensions.dll
Dependency assembly - System.Net.Mail.dll
Dependency assembly - System.IO.dll
Dependency assembly - System.ValueTuple.dll
Dependency assembly - System.Web.Extensions.dll
Dependency assembly - System.Data.SqlClient.dll
Dependency assembly - System.Collections.dll
Dependency assembly - System.Runtime.InteropServices.RuntimeInformation.dll
Dependency assembly - UnityEngine.UI.dll
Dependency assembly - System.Windows.Forms.DataVisualization.dll
Dependency assembly - System.Data.Linq.dll
Dependency assembly - System.Configuration.dll
Dependency assembly - System.IdentityModel.dll
Dependency assembly - System.Net.HttpListener.dll
Dependency assembly - System.Console.dll
Dependency assembly - System.Resources.Writer.dll
Dependency assembly - System.ServiceProcess.ServiceController.dll
Dependency assembly - System.Data.Services.Client.dll
Dependency assembly - Unity.TextMeshPro.dll
Dependency assembly - System.Reflection.Context.dll
Dependency assembly - System.Runtime.Serialization.Formatters.Soap.dll
Dependency assembly - System.IO.IsolatedStorage.dll
Dependency assembly - System.Web.dll
Dependency assembly - System.IO.Compression.ZipFile.dll
Dependency assembly - I18N.Rare.dll
Dependency assembly - System.IO.Pipes.dll
Dependency assembly - System.Text.Encoding.Extensions.dll
Dependency assembly - System.Reflection.Extensions.dll
Dependency assembly - System.ComponentModel.EventBasedAsync.dll
Dependency assembly - System.ComponentModel.dll
Dependency assembly - System.Security.Cryptography.DeriveBytes.dll
Dependency assembly - System.Xaml.dll
Dependency assembly - System.Xml.Serialization.dll
Dependency assembly - System.Security.Cryptography.Primitives.dll
Dependency assembly - System.Net.Sockets.dll
Dependency assembly - System.ServiceModel.Primitives.dll
Dependency assembly - System.Design.dll
Dependency assembly - System.IO.FileSystem.Watcher.dll
Dependency assembly - System.Security.Cryptography.RandomNumberGenerator.dll
Dependency assembly - Mono.Data.Sqlite.dll
Dependency assembly - System.IO.FileSystem.Primitives.dll
Dependency assembly - System.Core.dll
Dependency assembly - System.ServiceModel.Internals.dll
Dependency assembly - System.Security.Cryptography.OpenSsl.dll
Dependency assembly - System.Xml.ReaderWriter.dll
Dependency assembly - System.Runtime.Numerics.dll
Dependency assembly - System.Net.Cache.dll
Dependency assembly - System.Xml.XPath.XDocument.dll
Dependency assembly - System.Linq.Parallel.dll
Dependency assembly - netstandard.dll
Dependency assembly - System.Configuration.Install.dll
Dependency assembly - System.ServiceModel.Activation.dll
Dependency assembly - System.Diagnostics.Process.dll
Dependency assembly - System.ServiceModel.Http.dll
Dependency assembly - System.Diagnostics.TextWriterTraceListener.dll
Dependency assembly - System.Diagnostics.TraceEvent.dll
Dependency assembly - I18N.West.dll
Dependency assembly - System.Linq.dll
Dependency assembly - System.Threading.Thread.dll
Dependency assembly - System.Security.dll
Dependency assembly - System.IO.UnmanagedMemoryStream.dll
Dependency assembly - System.Xml.Linq.dll
Dependency assembly - System.Web.DynamicData.dll
Dependency assembly - System.AppContext.dll
Dependency assembly - System.Buffers.dll
Dependency assembly - System.Runtime.Loader.dll
Dependency assembly - System.Xml.XPath.XmlDocument.dll
Dependency assembly - System.IO.Compression.FileSystem.dll
Dependency assembly - System.Threading.ThreadPool.dll
Dependency assembly - System.ComponentModel.Annotations.dll
Dependency assembly - System.Linq.Expressions.dll
Dependency assembly - System.Globalization.dll
Dependency assembly - System.Security.Cryptography.Encryption.ECDsa.dll
Dependency assembly - System.Security.Cryptography.Encoding.dll
Dependency assembly - System.Runtime.InteropServices.dll
Dependency assembly - System.Data.Entity.dll
Dependency assembly - System.Xml.Xsl.Primitives.dll

Starting: C:\Program Files\Unity\Hub\Editor\6000.3.19f1\Editor\Data\Tools\BuildPipeline\bee_backend.exe --ipc --dagfile="Library/Bee/Playerf20f6bd5.dag" --profile="Library/Bee/backend1.traceevents" Player
WorkingDir: E:/project/unity/furitDefense
DisplayProgressbar: Incremental Player Build
ExitCode: 4 Duration: 9s959ms
Starting: C:\Program Files\Unity\Hub\Editor\6000.3.19f1\Editor\Data\netcorerun\netcorerun.exe "C:\Program Files\Unity\Hub\Editor\6000.3.19f1\Editor\Data\PlaybackEngines\WebGLSupport\WebGLPlayerBuildProgram.exe" "C:/Program Files/Unity/Hub/Editor/6000.3.19f1/Editor/Data/PlaybackEngines/WebGLSupport/Bee;C:/Program Files/Unity/Hub/Editor/6000.3.19f1/Editor/Data/Tools/BuildPipeline" "Library/Bee/Playerf20f6bd5.dag.json" "Library/Bee/Playerf20f6bd5-inputdata.json" "Library\Bee\buildprogram0.traceevents"
WorkingDir: E:/project/unity/furitDefense
ExitCode: 0 Duration: 3s934ms
Starting: C:\Program Files\Unity\Hub\Editor\6000.3.19f1\Editor\Data\Tools\BuildPipeline\bee_backend.exe --ipc --dagfile="Library/Bee/Playerf20f6bd5.dag" --dagfilejson="Library\Bee\Playerf20f6bd5.dag.json" --profile="Library/Bee/backend2.traceevents" Player
WorkingDir: E:/project/unity/furitDefense
Starting: C:\Program Files\Unity\Hub\Editor\6000.3.19f1\Editor\Data\netcorerun\netcorerun.exe "C:\Program Files\Unity\Hub\Editor\6000.3.19f1\Editor\Data\PlaybackEngines\WebGLSupport\WebGLPlayerBuildProgram.exe" "C:/Program Files/Unity/Hub/Editor/6000.3.19f1/Editor/Data/PlaybackEngines/WebGLSupport/Bee;C:/Program Files/Unity/Hub/Editor/6000.3.19f1/Editor/Data/Tools/BuildPipeline" "Library/Bee/Playerf20f6bd5.dag.json" "Library/Bee/Playerf20f6bd5-inputdata.json" "Library\Bee\buildprogram1.traceevents"
WorkingDir: E:/project/unity/furitDefense
ExitCode: 4 Duration: 1m:46s
ExitCode: 0 Duration: 0s485ms
Starting: C:\Program Files\Unity\Hub\Editor\6000.3.19f1\Editor\Data\Tools\BuildPipeline\bee_backend.exe --ipc --dagfile="Library/Bee/Playerf20f6bd5.dag" --dagfilejson="Library\Bee\Playerf20f6bd5.dag.json" --profile="Library/Bee/backend3.traceevents" Player
WorkingDir: E:/project/unity/furitDefense
Starting: C:\Program Files\Unity\Hub\Editor\6000.3.19f1\Editor\Data\netcorerun\netcorerun.exe "C:\Program Files\Unity\Hub\Editor\6000.3.19f1\Editor\Data\PlaybackEngines\WebGLSupport\WebGLPlayerBuildProgram.exe" "C:/Program Files/Unity/Hub/Editor/6000.3.19f1/Editor/Data/PlaybackEngines/WebGLSupport/Bee;C:/Program Files/Unity/Hub/Editor/6000.3.19f1/Editor/Data/Tools/BuildPipeline" "Library/Bee/Playerf20f6bd5.dag.json" "Library/Bee/Playerf20f6bd5-inputdata.json" "Library\Bee\buildprogram2.traceevents"
WorkingDir: E:/project/unity/furitDefense
ExitCode: 4 Duration: 1m:13s
ExitCode: 0 Duration: 0s525ms
Starting: C:\Program Files\Unity\Hub\Editor\6000.3.19f1\Editor\Data\Tools\BuildPipeline\bee_backend.exe --ipc --dagfile="Library/Bee/Playerf20f6bd5.dag" --dagfilejson="Library\Bee\Playerf20f6bd5.dag.json" --profile="Library/Bee/backend4.traceevents" Player
WorkingDir: E:/project/unity/furitDefense
ExitCode: 0 Duration: 0s855ms
[websockify wrapper] Start node and websockify.js
Refreshing native plugins compatible for Editor in 0.18 ms, found 0 plugins.
Preloading 0 native plugins for Editor in 0.00 ms.

-------------------------------------------------------------------------------
Build Report
Information on used Assets is not available, since player data was not rebuilt.
Do a clean build to view the Asset build report information.
-------------------------------------------------------------------------------
[Licensing::Client] Successfully resolved entitlement details
Unloading 4 Unused Serialized files (Serialized files now loaded: 0)
Unloading 24 unused Assets / (0.7 MB). Loaded Objects now: 1209.
Memory consumption went from 102.3 MB to 101.6 MB.
Total: 8.188800 ms (FindLiveObjects: 0.114400 ms CreateObjectMapping: 0.026200 ms MarkObjects: 7.615800 ms  DeleteObjects: 0.430400 ms)

DisplayProgressNotification: Build Successful
Build Finished, Result: Success.
Total cache size 49735989
Total cache size after purge 49735989, took 00:00:00.0669515
[websockify wrapper] Proxying from :35020 to localhost:34999
[websockify wrapper] [ERROR] events.js:292
[websockify wrapper] [ERROR]       throw er; // Unhandled 'error' event
[websockify wrapper] [ERROR]       ^
[websockify wrapper] [ERROR] Error: listen EADDRINUSE: address already in use :::35020
[websockify wrapper] [ERROR]     at Server.setupListenHandle [as _listen2] (net.js:1313:16)
[websockify wrapper] [ERROR]     at listenInCluster (net.js:1361:12)
[websockify wrapper] [ERROR]     at Server.listen (net.js:1447:7)
[websockify wrapper] [ERROR]     at new WebSocketServer (C:\Program Files\Unity\Hub\Editor\6000.3.19f1\Editor\Data\PlaybackEngines\WebGLSupport\BuildTools\websockify\node_modules\ws\lib\websocket-server.js:97:20)
[websockify wrapper] [ERROR]     at Object.<anonymous> (C:\Program Files\Unity\Hub\Editor\6000.3.19f1\Editor\Data\PlaybackEngines\WebGLSupport\BuildTools\websockify\websockify.js:236:12)
[websockify wrapper] [ERROR]     at Module._compile (internal/modules/cjs/loader.js:1138:30)
[websockify wrapper] [ERROR]     at Object.Module._extensions..js (internal/modules/cjs/loader.js:1158:10)
[websockify wrapper] [ERROR]     at Module.load (internal/modules/cjs/loader.js:986:32)
[websockify wrapper] [ERROR]     at Function.Module._load (internal/modules/cjs/loader.js:879:14)
[websockify wrapper] [ERROR]     at Function.executeUserEntryPoint [as runMain] (internal/modules/run_main.js:71:12)
[websockify wrapper] [ERROR] Emitted 'error' event on WebSocketServer instance at:
[websockify wrapper] [ERROR]     at Server.emit (events.js:315:20)
[websockify wrapper] [ERROR]     at emitErrorNT (net.js:1340:8)
[websockify wrapper] [ERROR]     at processTicksAndRejections (internal/process/task_queues.js:84:21) {
[websockify wrapper] [ERROR]   code: 'EADDRINUSE',
[websockify wrapper] [ERROR]   errno: 'EADDRINUSE',
[websockify wrapper] [ERROR]   syscall: 'listen',
[websockify wrapper] [ERROR]   address: '::',
[websockify wrapper] [ERROR]   port: 35020
[websockify wrapper] [ERROR] }
##utp:{"type":"PlayerBuildInfo","version":2,"phase":"Immediate","time":1787889918091,"processId":19268,"steps":[{"description":"Preprocess Player","duration":14},{"description":"Prepare For Build","duration":0},{"description":"ProducePlayerScriptAssemblies","duration":1913},{"description":"Verify Build setup","duration":132},{"description":"Prepare assets for target platform","duration":5},{"description":"Prepare splash screen","duration":1},{"description":"Run script only build","duration":51},{"description":"Postprocess built player","duration":196087}],"duration":198203}
Unloading 0 Unused Serialized files (Serialized files now loaded: 0)
Loaded scene 'Temp/__Backupscenes/0.backup'
	Deserialize:            0.493 ms
	Integration:            5.192 ms
	Integration of assets:  0.002 ms
	Thread Wait Time:       0.006 ms
	Total Operation Time:   5.693 ms
Unloading 0 unused Assets / (0 B). Loaded Objects now: 1209.
Memory consumption went from 101.2 MB to 101.2 MB.
Total: 5.220500 ms (FindLiveObjects: 0.071900 ms CreateObjectMapping: 0.013200 ms MarkObjects: 5.126900 ms  DeleteObjects: 0.007600 ms)

FRUIT_DEFENSE_WEB_BUILD_OK path=E:\project\unity\furitDefense\Builds\WebGL profile=release mode=Release compression=BrotliFallback stripping=High debugSymbols=Off template=PROJECT:FruitDefensePortraitContain host=fruit-defense-portrait-contain-v1 size=12521077 payloads=[WebGL.data.unityweb:version=10058c93fbbd:size=6431203, WebGL.framework.js.unityweb:version=7592bad4e29c:size=71133, WebGL.loader.js:version=ead048e091ab:size=117893, WebGL.wasm.unityweb:version=db1ce566bb42:size=5890562]
UnityEngine.Debug:ExtractStackTraceNoAlloc (byte*,int,string)
UnityEngine.StackTraceUtility:ExtractStackTrace ()
UnityEngine.DebugLogHandler:Internal_Log (UnityEngine.LogType,UnityEngine.LogOption,string,UnityEngine.Object)
UnityEngine.DebugLogHandler:LogFormat (UnityEngine.LogType,UnityEngine.Object,string,object[])
UnityEngine.Logger:Log (UnityEngine.LogType,object)
UnityEngine.Debug:Log (object)
FruitDefense.Editor.WebBuild:BuildProfileOutput (FruitDefense.Editor.WebBuildProfile,string) (at Assets/Editor/Tools/WebBuild.cs:194)
FruitDefense.Editor.WebBuild/<>c__DisplayClass41_0:<BuildInternal>b__0 () (at Assets/Editor/Tools/WebBuild.cs:69)
FruitDefense.Editor.WebBuild:RunIfPersistentDefinesClean (FruitDefense.Editor.WebBuildProfile,System.Action,System.Func`1<string>) (at Assets/Editor/Tools/WebBuild.cs:242)
FruitDefense.Editor.WebBuild/<>c__DisplayClass42_0:<RunProfileBuildGuards>b__0 () (at Assets/Editor/Tools/WebBuild.cs:87)
FruitDefense.Editor.WebBuild:RunWithFailedOutputCleanup (string,System.Action) (at Assets/Editor/Tools/WebBuild.cs:287)
FruitDefense.Editor.WebBuild:RunProfileBuildGuards (FruitDefense.Editor.WebBuildProfile,string,System.Action,System.Func`1<string>) (at Assets/Editor/Tools/WebBuild.cs:85)
FruitDefense.Editor.WebBuild:BuildInternal (FruitDefense.Editor.WebBuildProfile) (at Assets/Editor/Tools/WebBuild.cs:67)
FruitDefense.Editor.WebBuild:BuildInternal (string,bool) (at Assets/Editor/Tools/WebBuild.cs:59)
FruitDefense.Editor.WebBuild:Build () (at Assets/Editor/Tools/WebBuild.cs:31)

(Filename: Assets/Editor/Tools/WebBuild.cs Line: 194)

Batchmode quit successfully invoked - shutting down!
[websockify wrapper] Kill
[websockify wrapper] Process exit code: 1
[Physics::Module] Cleanup current backend.
[Physics::Module] Id: 0xf2b8ea05
Input System module state changed to: ShutdownInProgress.
Input System polling thread exited.
Input System module state changed to: Shutdown.
[Licensing::IpcConnector] LicenseClient-18163-notifications channel disconnected successfully.
[Licensing::IpcConnector] LicenseClient-18163 channel disconnected successfully.
AcceleratorClientConnectionCallback - disconnected - :0
Cleanup mono
[websockify wrapper] Kill
Exiting batchmode successfully now!
Exiting without the bug reporter. Application will terminate with return code 0